Archive member included to satisfy reference by file (symbol)

e:/software/gcc_2021.10/bin/../lib/gcc/arm-none-eabi/10.3.1/thumb/v7e-m/nofp\libgcc.a(_arm_muldf3.o)
                              ./objects/printf-stdarg.o (__aeabi_dmul)
e:/software/gcc_2021.10/bin/../lib/gcc/arm-none-eabi/10.3.1/thumb/v7e-m/nofp\libgcc.a(_arm_addsubdf3.o)
                              ./objects/printf-stdarg.o (__aeabi_dsub)
e:/software/gcc_2021.10/bin/../lib/gcc/arm-none-eabi/10.3.1/thumb/v7e-m/nofp\libgcc.a(_arm_muldivdf3.o)
                              ./objects/printf-stdarg.o (__aeabi_ddiv)
e:/software/gcc_2021.10/bin/../lib/gcc/arm-none-eabi/10.3.1/thumb/v7e-m/nofp\libgcc.a(_arm_cmpdf2.o)
                              ./objects/printf-stdarg.o (__aeabi_dcmpeq)
e:/software/gcc_2021.10/bin/../lib/gcc/arm-none-eabi/10.3.1/thumb/v7e-m/nofp\libgcc.a(_arm_fixdfsi.o)
                              ./objects/printf-stdarg.o (__aeabi_d2iz)
e:/software/gcc_2021.10/bin/../lib/gcc/arm-none-eabi/10.3.1/thumb/v7e-m/nofp\libgcc.a(_arm_fixunsdfsi.o)
                              ./objects/printf-stdarg.o (__aeabi_d2uiz)
e:/software/gcc_2021.10/bin/../lib/gcc/arm-none-eabi/10.3.1/thumb/v7e-m/nofp\libgcc.a(_aeabi_uldivmod.o)
                              ./objects/printf-stdarg.o (__aeabi_uldivmod)
e:/software/gcc_2021.10/bin/../lib/gcc/arm-none-eabi/10.3.1/thumb/v7e-m/nofp\libgcc.a(_fixunsdfdi.o)
                              ./objects/rtc-board.o (__aeabi_d2ulz)
e:/software/gcc_2021.10/bin/../lib/gcc/arm-none-eabi/10.3.1/thumb/v7e-m/nofp\libgcc.a(_udivmoddi4.o)
                              e:/software/gcc_2021.10/bin/../lib/gcc/arm-none-eabi/10.3.1/thumb/v7e-m/nofp\libgcc.a(_aeabi_uldivmod.o) (__udivmoddi4)
e:/software/gcc_2021.10/bin/../lib/gcc/arm-none-eabi/10.3.1/thumb/v7e-m/nofp\libgcc.a(_dvmd_tls.o)
                              e:/software/gcc_2021.10/bin/../lib/gcc/arm-none-eabi/10.3.1/thumb/v7e-m/nofp\libgcc.a(_aeabi_uldivmod.o) (__aeabi_ldiv0)
e:/software/gcc_2021.10/bin/../lib/gcc/arm-none-eabi/10.3.1/../../../../arm-none-eabi/lib/thumb/v7e-m/nofp\libc.a(lib_a-atoi.o)
                              ./objects/lora_at_cmd.o (atoi)
e:/software/gcc_2021.10/bin/../lib/gcc/arm-none-eabi/10.3.1/../../../../arm-none-eabi/lib/thumb/v7e-m/nofp\libc.a(lib_a-exit.o)
                              e:/software/gcc_2021.10/bin/../lib/gcc/arm-none-eabi/10.3.1/../../../../arm-none-eabi/lib/thumb/v7e-m/nofp/crt0.o (exit)
e:/software/gcc_2021.10/bin/../lib/gcc/arm-none-eabi/10.3.1/../../../../arm-none-eabi/lib/thumb/v7e-m/nofp\libc.a(lib_a-impure.o)
                              e:/software/gcc_2021.10/bin/../lib/gcc/arm-none-eabi/10.3.1/../../../../arm-none-eabi/lib/thumb/v7e-m/nofp\libc.a(lib_a-exit.o) (_global_impure_ptr)
e:/software/gcc_2021.10/bin/../lib/gcc/arm-none-eabi/10.3.1/../../../../arm-none-eabi/lib/thumb/v7e-m/nofp\libc.a(lib_a-init.o)
                              e:/software/gcc_2021.10/bin/../lib/gcc/arm-none-eabi/10.3.1/../../../../arm-none-eabi/lib/thumb/v7e-m/nofp/crt0.o (__libc_init_array)
e:/software/gcc_2021.10/bin/../lib/gcc/arm-none-eabi/10.3.1/../../../../arm-none-eabi/lib/thumb/v7e-m/nofp\libc.a(lib_a-memcmp.o)
                              ./objects/lora_function.o (memcmp)
e:/software/gcc_2021.10/bin/../lib/gcc/arm-none-eabi/10.3.1/../../../../arm-none-eabi/lib/thumb/v7e-m/nofp\libc.a(lib_a-memcpy.o)
                              ./objects/tremo_flash.o (memcpy)
e:/software/gcc_2021.10/bin/../lib/gcc/arm-none-eabi/10.3.1/../../../../arm-none-eabi/lib/thumb/v7e-m/nofp\libc.a(lib_a-memset.o)
                              e:/software/gcc_2021.10/bin/../lib/gcc/arm-none-eabi/10.3.1/../../../../arm-none-eabi/lib/thumb/v7e-m/nofp/crt0.o (memset)
e:/software/gcc_2021.10/bin/../lib/gcc/arm-none-eabi/10.3.1/../../../../arm-none-eabi/lib/thumb/v7e-m/nofp\libc.a(lib_a-strlen.o)
                              ./objects/main.o (strlen)
e:/software/gcc_2021.10/bin/../lib/gcc/arm-none-eabi/10.3.1/../../../../arm-none-eabi/lib/thumb/v7e-m/nofp\libc.a(lib_a-strncmp.o)
                              ./objects/main.o (strncmp)
e:/software/gcc_2021.10/bin/../lib/gcc/arm-none-eabi/10.3.1/../../../../arm-none-eabi/lib/thumb/v7e-m/nofp\libc.a(lib_a-strncpy.o)
                              ./objects/lora_cmd_m.o (strncpy)
e:/software/gcc_2021.10/bin/../lib/gcc/arm-none-eabi/10.3.1/../../../../arm-none-eabi/lib/thumb/v7e-m/nofp\libc.a(lib_a-strnlen.o)
                              ./objects/lora_cmd_m.o (strnlen)
e:/software/gcc_2021.10/bin/../lib/gcc/arm-none-eabi/10.3.1/../../../../arm-none-eabi/lib/thumb/v7e-m/nofp\libc.a(lib_a-strtol.o)
                              e:/software/gcc_2021.10/bin/../lib/gcc/arm-none-eabi/10.3.1/../../../../arm-none-eabi/lib/thumb/v7e-m/nofp\libc.a(lib_a-atoi.o) (_strtol_r)
e:/software/gcc_2021.10/bin/../lib/gcc/arm-none-eabi/10.3.1/../../../../arm-none-eabi/lib/thumb/v7e-m/nofp\libc.a(lib_a-__call_atexit.o)
[...]
Memory Configuration

Name             Origin             Length             Attributes
FLASH            0x08000000         0x00020000         xr
RAM              0x20000000         0x00004000         xrw
*default*        0x00000000         0xffffffff

Linker script and memory map

LOAD e:/software/gcc_2021.10/bin/../lib/gcc/arm-none-eabi/10.3.1/thumb/v7e-m/nofp/crti.o
LOAD e:/software/gcc_2021.10/bin/../lib/gcc/arm-none-eabi/10.3.1/thumb/v7e-m/nofp/crtbegin.o
LOAD e:/software/gcc_2021.10/bin/../lib/gcc/arm-none-eabi/10.3.1/../../../../arm-none-eabi/lib/thumb/v7e-m/nofp/crt0.o
LOAD ./objects/startup_cm4.o
LOAD ./objects/system_cm4.o
LOAD ./objects/printf-stdarg.o
LOAD ./objects/tremo_adc.o
LOAD ./objects/tremo_bstimer.o
LOAD ./objects/tremo_crc.o
LOAD ./objects/tremo_dac.o
LOAD ./objects/tremo_delay.o
LOAD ./objects/tremo_dma.o
LOAD ./objects/tremo_flash.o
LOAD ./objects/tremo_gpio.o
LOAD ./objects/tremo_i2c.o
LOAD ./objects/tremo_i2s.o
LOAD ./objects/tremo_iwdg.o
LOAD ./objects/tremo_lcd.o
LOAD ./objects/tremo_lptimer.o
LOAD ./objects/tremo_lpuart.o
LOAD ./objects/tremo_pwr.o
LOAD ./objects/tremo_rcc.o
LOAD ./objects/tremo_rtc.o
LOAD ./objects/tremo_spi.o
LOAD ./objects/tremo_system.o
LOAD ./objects/tremo_timer.o
LOAD ./objects/tremo_uart.o
LOAD ./objects/tremo_wdg.o
LOAD ./objects/main.o
LOAD ./objects/tremo_it.o
LOAD ./objects/lora_demo.o
LOAD ./objects/app.o
LOAD ./objects/rtc-board.o
LOAD ./objects/sx1262-board.o
LOAD ./objects/delay.o
LOAD ./objects/timer.o
LOAD ./objects/sx126x.o
LOAD ./objects/radio.o
LOAD ./objects/utilities.o
LOAD ./objects/lora_cmd_m.o
LOAD ./objects/lora_cmd_s.o
LOAD ./objects/lora_core.o
LOAD ./objects/lora_flash.o
LOAD ./objects/lora_function.o
LOAD ./objects/lora_at_cmd.o
LOAD ./objects/lora_user.o
START GROUP
LOAD e:/software/gcc_2021.10/bin/../lib/gcc/arm-none-eabi/10.3.1/thumb/v7e-m/nofp\libgcc.a
LOAD e:/software/gcc_2021.10/bin/../lib/gcc/arm-none-eabi/10.3.1/../../../../arm-none-eabi/lib/thumb/v7e-m/nofp\libc.a
END GROUP
LOAD e:/software/gcc_2021.10/bin/../lib/gcc/arm-none-eabi/10.3.1/thumb/v7e-m/nofp/crtend.o
LOAD e:/software/gcc_2021.10/bin/../lib/gcc/arm-none-eabi/10.3.1/thumb/v7e-m/nofp/crtn.o
                0x20004000                _estack = 0x20004000
                0x00000000                _HEAP_SIZE = 0x0
                0x00001000                _STACK_SIZE = 0x1000

.isr_vector     0x08000000       0xd4
                0x08000000                . = ALIGN (0x4)
 *(.isr_vector)
 .isr_vector    0x08000000       0xd4 ./objects/startup_cm4.o
                0x08000000                g_pfnVectors
                0x080000d4                . = ALIGN (0x4)

.text           0x08000100     0x6e54
                0x08000100                . = ALIGN (0x4)
 *(.text)
 .text          0x08000100       0x40 e:/software/gcc_2021.10/bin/../lib/gcc/arm-none-eabi/10.3.1/thumb/v7e-m/nofp/crtbegin.o
 .text          0x08000140      0x378 e:/software/gcc_2021.10/bin/../lib/gcc/arm-none-eabi/10.3.1/thumb/v7e-m/nofp\libgcc.a(_arm_addsubdf3.o)
                0x08000140                __aeabi_drsub
                0x08000148                __aeabi_dsub
                0x08000148                __subdf3
                0x0800014c                __aeabi_dadd
                0x0800014c                __adddf3
                0x080003c4                __floatunsidf
                0x080003c4                __aeabi_ui2d
                0x080003e4                __floatsidf
                0x080003e4                __aeabi_i2d
                0x08000408                __aeabi_f2d
                0x08000408                __extendsfdf2
                0x0800044c                __floatundidf
                0x0800044c                __aeabi_ul2d
                0x0800045c                __floatdidf
                0x0800045c                __aeabi_l2d
 .text          0x080004b8      0x424 e:/software/gcc_2021.10/bin/../lib/gcc/arm-none-eabi/10.3.1/thumb/v7e-m/nofp\libgcc.a(_arm_muldivdf3.o)
                0x080004b8                __aeabi_dmul
                0x080004b8                __muldf3
                0x0800070c                __divdf3
                0x0800070c                __aeabi_ddiv
 .text          0x080008dc      0x110 e:/software/gcc_2021.10/bin/../lib/gcc/arm-none-eabi/10.3.1/thumb/v7e-m/nofp\libgcc.a(_arm_cmpdf2.o)
                0x080008dc                __gtdf2
                0x080008dc                __gedf2
                0x080008e4                __ltdf2
                0x080008e4                __ledf2
                0x080008ec                __nedf2
                0x080008ec                __eqdf2
                0x080008ec                __cmpdf2
                0x08000968                __aeabi_cdrcmple
                0x08000978                __aeabi_cdcmpeq
                0x08000978                __aeabi_cdcmple
                0x08000988                __aeabi_dcmpeq
                0x0800099c                __aeabi_dcmplt
                0x080009b0                __aeabi_dcmple
                0x080009c4                __aeabi_dcmpge
                0x080009d8                __aeabi_dcmpgt
 .text          0x080009ec       0x50 e:/software/gcc_2021.10/bin/../lib/gcc/arm-none-eabi/10.3.1/thumb/v7e-m/nofp\libgcc.a(_arm_fixdfsi.o)
                0x080009ec                __aeabi_d2iz
                0x080009ec                __fixdfsi
 .text          0x08000a3c       0x40 e:/software/gcc_2021.10/bin/../lib/gcc/arm-none-eabi/10.3.1/thumb/v7e-m/nofp\libgcc.a(_arm_fixunsdfsi.o)
                0x08000a3c                __aeabi_d2uiz
                0x08000a3c                __fixunsdfsi
 .text          0x08000a7c       0x30 e:/software/gcc_2021.10/bin/../lib/gcc/arm-none-eabi/10.3.1/thumb/v7e-m/nofp\libgcc.a(_aeabi_uldivmod.o)
                0x08000a7c                __aeabi_uldivmod
 .text          0x08000aac       0x3c e:/software/gcc_2021.10/bin/../lib/gcc/arm-none-eabi/10.3.1/thumb/v7e-m/nofp\libgcc.a(_fixunsdfdi.o)
                0x08000aac                __fixunsdfdi
                0x08000aac                __aeabi_d2ulz
 .text          0x08000ae8      0x2d0 e:/software/gcc_2021.10/bin/../lib/gcc/arm-none-eabi/10.3.1/thumb/v7e-m/nofp\libgcc.a(_udivmoddi4.o)
                0x08000ae8                __udivmoddi4
 .text          0x08000db8        0x4 e:/software/gcc_2021.10/bin/../lib/gcc/arm-none-eabi/10.3.1/thumb/v7e-m/nofp\libgcc.a(_dvmd_tls.o)
                0x08000db8                __aeabi_idiv0
                0x08000db8                __aeabi_ldiv0
 .text          0x08000dbc      0x134 e:/software/gcc_2021.10/bin/../lib/gcc/arm-none-eabi/10.3.1/../../../../arm-none-eabi/lib/thumb/v7e-m/nofp\libc.a(lib_a-memcpy.o)
                0x08000dbc                memcpy
 *fill*         0x08000ef0       0x10 
 .text          0x08000f00       0xdc e:/software/gcc_2021.10/bin/../lib/gcc/arm-none-eabi/10.3.1/../../../../arm-none-eabi/lib/thumb/v7e-m/nofp\libc.a(lib_a-strlen.o)
                0x08000f00                strlen
 *(.text*)
 .text.Reset_Handler
                0x08000fdc       0x48 ./objects/startup_cm4.o
                0x08000fdc                Reset_Handler
 .text.Default_Handler
                0x08001024        0x2 ./objects/startup_cm4.o
                0x08001024                GPIO_IRQHandler
                0x08001024                SCC_IRQHandler
                0x08001024                TIMER2_IRQHandler
                0x08001024                EFC_IRQHandler
                0x08001024                I2C0_IRQHandler
                0x08001024                SAC_IRQHandler
                0x08001024                I2C1_IRQHandler
                0x08001024                TIMER3_IRQHandler
                0x08001024                SEC_IRQHandler
                0x08001024                WDG_IRQHandler
                0x08001024                LPTIMER1_IRQHandler
                0x08001024                LPTIMER0_IRQHandler
                0x08001024                SSP0_IRQHandler
                0x08001024                I2S_IRQHandler
                0x08001024                I2C2_IRQHandler
                0x08001024                TIMER0_IRQHandler
                0x08001024                LCD_IRQHandler
                0x08001024                LPUART_IRQHandler
                0x08001024                TIMER1_IRQHandler
                0x08001024                UART2_IRQHandler
                0x08001024                Default_Handler
                0x08001024                ADC_IRQHandler
                0x08001024                SSP1_IRQHandler
                0x08001024                DMA0_IRQHandler
                0x08001024                IWDG_IRQHandler
                0x08001024                SSP2_IRQHandler
                0x08001024                BSTIMER1_IRQHandler
                0x08001024                DAC_IRQHandler
                0x08001024                AFEC_IRQHandler
                0x08001024                UART3_IRQHandler
                0x08001024                QSPI_IRQHandler
                0x08001024                DMA1_IRQHandler
 *fill*         0x08001026        0x2 
 .text.nvic_init
                0x08001028       0x24 ./objects/system_cm4.o
                0x08001028                nvic_init
 .text.system_init
                0x0800104c       0x44 ./objects/system_cm4.o
                0x0800104c                system_init
 .text._out_buffer
                0x08001090        0x8 ./objects/printf-stdarg.o
 .text._out_null
                0x08001098        0x2 ./objects/printf-stdarg.o
 .text._out_rev
                0x0800109a       0x86 ./objects/printf-stdarg.o
 .text._ntoa_format
                0x08001120      0x10a ./objects/printf-stdarg.o
 .text._ntoa_long
                0x0800122a       0x84 ./objects/printf-stdarg.o
 .text._ntoa_long_long
                0x080012ae       0xb6 ./objects/printf-stdarg.o
 *fill*         0x08001364        0x4 
 .text._etoa    0x08001368      0x394 ./objects/printf-stdarg.o
 *fill*         0x080016fc        0x4 
 .text._ftoa    0x08001700      0x358 ./objects/printf-stdarg.o
 .text._vsnprintf
                0x08001a58      0x548 ./objects/printf-stdarg.o
 .text.__wrap_sprintf
                0x08001fa0       0x28 ./objects/printf-stdarg.o
                0x08001fa0                __wrap_sprintf
 .text.bstimer_init
                0x08001fc8       0x28 ./objects/tremo_bstimer.o
                0x08001fc8                bstimer_init
 .text.bstimer_config_overflow_update
                0x08001ff0       0x12 ./objects/tremo_bstimer.o
                0x08001ff0                bstimer_config_overflow_update
 .text.bstimer_cmd
                0x08002002       0x12 ./objects/tremo_bstimer.o
                0x08002002                bstimer_cmd
 .text.bstimer_config_interrupt
                0x08002014       0x12 ./objects/tremo_bstimer.o
                0x08002014                bstimer_config_interrupt
 .text.bstimer_get_status
                0x08002026        0xe ./objects/tremo_bstimer.o
                0x08002026                bstimer_get_status
 .text.delay_init
                0x08002034       0x48 ./objects/tremo_delay.o
                0x08002034                delay_init
 .text.delay_us
                0x0800207c       0x30 ./objects/tremo_delay.o
                0x0800207c                delay_us
 .text.delay_ms
                0x080020ac        0xa ./objects/tremo_delay.o
                0x080020ac                delay_ms
 *fill*         0x080020b6        0x2 
 .text.flash_erase_page
                0x080020b8       0x80 ./objects/tremo_flash.o
                0x080020b8                flash_erase_page
 .text.flash_program_bytes
                0x08002138       0xd0 ./objects/tremo_flash.o
                0x08002138                flash_program_bytes
 .text.gpio_init
                0x08002208      0x124 ./objects/tremo_gpio.o
                0x08002208                gpio_init
 .text.gpio_write
                0x0800232c       0xb4 ./objects/tremo_gpio.o
                0x0800232c                gpio_write
 .text.gpio_toggle
                0x080023e0        0xe ./objects/tremo_gpio.o
                0x080023e0                gpio_toggle
 *fill*         0x080023ee        0x2 
 .text.gpio_set_iomux
                0x080023f0       0x44 ./objects/tremo_gpio.o
                0x080023f0                gpio_set_iomux
 .text.pwr_xo32k_lpm_cmd
                0x08002434       0x18 ./objects/tremo_pwr.o
                0x08002434                pwr_xo32k_lpm_cmd
 .text.rcc_get_clk_freq
                0x0800244c       0x9c ./objects/tremo_rcc.o
                0x0800244c                rcc_get_clk_freq
 .text.rcc_get_uart0_clk_source
                0x080024e8        0xc ./objects/tremo_rcc.o
                0x080024e8                rcc_get_uart0_clk_source
 .text.rcc_get_uart1_clk_source
                0x080024f4        0xc ./objects/tremo_rcc.o
                0x080024f4                rcc_get_uart1_clk_source
 .text.rcc_get_uart2_clk_source
                0x08002500        0xc ./objects/tremo_rcc.o
                0x08002500                rcc_get_uart2_clk_source
 .text.rcc_get_uart3_clk_source
                0x0800250c        0xc ./objects/tremo_rcc.o
                0x0800250c                rcc_get_uart3_clk_source
 .text.rcc_get_rtc_clk_source
                0x08002518        0xc ./objects/tremo_rcc.o
                0x08002518                rcc_get_rtc_clk_source
 .text.rcc_enable_peripheral_clk
                0x08002524      0x4b4 ./objects/tremo_rcc.o
                0x08002524                rcc_enable_peripheral_clk
 .text.rcc_enable_oscillator
                0x080029d8       0xfc ./objects/tremo_rcc.o
                0x080029d8                rcc_enable_oscillator
 .text.rtc_check_syn
                0x08002ad4       0x14 ./objects/tremo_rtc.o
                0x08002ad4                rtc_check_syn
 .text.rtc_cyc_cmd
                0x08002ae8       0x20 ./objects/tremo_rtc.o
                0x08002ae8                rtc_cyc_cmd
 .text.rtc_config_cyc_wakeup
                0x08002b08       0x24 ./objects/tremo_rtc.o
                0x08002b08                rtc_config_cyc_wakeup
 .text.rtc_get_calendar
                0x08002b2c       0xdc ./objects/tremo_rtc.o
                0x08002b2c                rtc_get_calendar
 .text.rtc_set_status
                0x08002c08       0x30 ./objects/tremo_rtc.o
                0x08002c08                rtc_set_status
 .text.rtc_get_status
                0x08002c38       0x38 ./objects/tremo_rtc.o
                0x08002c38                rtc_get_status
 .text.rtc_config_interrupt
                0x08002c70       0x38 ./objects/tremo_rtc.o
                0x08002c70                rtc_config_interrupt
 .text.rtc_config_cyc_max
                0x08002ca8       0x14 ./objects/tremo_rtc.o
                0x08002ca8                rtc_config_cyc_max
 .text.system_reset
                0x08002cbc       0x20 ./objects/tremo_system.o
                0x08002cbc                system_reset
 .text.system_get_chip_id
                0x08002cdc       0x1c ./objects/tremo_system.o
                0x08002cdc                system_get_chip_id
 .text.uart_get_flag_status
                0x08002cf8        0xc ./objects/tremo_uart.o
                0x08002cf8                uart_get_flag_status
 .text.uart_config_interrupt
                0x08002d04       0x10 ./objects/tremo_uart.o
                0x08002d04                uart_config_interrupt
 .text.uart_config_init
                0x08002d14       0x18 ./objects/tremo_uart.o
                0x08002d14                uart_config_init
 .text.uart_cmd
                0x08002d2c       0x12 ./objects/tremo_uart.o
                0x08002d2c                uart_cmd
 .text.uart_get_interrupt_status
                0x08002d3e        0xc ./objects/tremo_uart.o
                0x08002d3e                uart_get_interrupt_status
 .text.uart_clear_interrupt
                0x08002d4a        0x4 ./objects/tremo_uart.o
                0x08002d4a                uart_clear_interrupt
 *fill*         0x08002d4e        0x2 
 .text.uart_init
                0x08002d50      0x140 ./objects/tremo_uart.o
                0x08002d50                uart_init
 .text.wdg_start
                0x08002e90       0x30 ./objects/tremo_wdg.o
                0x08002e90                wdg_start
 .text.wdg_reload
                0x08002ec0       0x20 ./objects/tremo_wdg.o
                0x08002ec0                wdg_reload
 .text.LoraReInit
                0x08002ee0       0x2a ./objects/main.o
                0x08002ee0                LoraReInit
 *fill*         0x08002f0a        0x2 
 .text.BSTIMER0_IRQHandler
                0x08002f0c       0x64 ./objects/main.o
                0x08002f0c                BSTIMER0_IRQHandler
 .text.millis   0x08002f70        0xc ./objects/main.o
                0x08002f70                millis
 .text.UART_SendData
                0x08002f7c       0x34 ./objects/main.o
                0x08002f7c                UART_SendData
 .text.UART0_IRQHandler
                0x08002fb0       0x50 ./objects/main.o
                0x08002fb0                UART0_IRQHandler
 .text.UART1_SendData
                0x08003000       0x34 ./objects/main.o
                0x08003000                UART1_SendData
 .text.startup.main
                0x08003034      0x254 ./objects/main.o
                0x08003034                main
 .text.BLE_SendData
                0x08003288       0x20 ./objects/main.o
                0x08003288                BLE_SendData
 .text.UART1_IRQHandler
                0x080032a8       0x5c ./objects/main.o
                0x080032a8                UART1_IRQHandler
 .text.uart_log_init
                0x08003304       0xc4 ./objects/main.o
                0x08003304                uart_log_init
 .text.NMI_Handler
                0x080033c8        0x2 ./objects/tremo_it.o
                0x080033c8                NMI_Handler
 .text.HardFault_Handler
                0x080033ca        0x2 ./objects/tremo_it.o
                0x080033ca                HardFault_Handler
 .text.MemManage_Handler
                0x080033cc        0x2 ./objects/tremo_it.o
                0x080033cc                MemManage_Handler
 .text.BusFault_Handler
                0x080033ce        0x2 ./objects/tremo_it.o
                0x080033ce                BusFault_Handler
 .text.UsageFault_Handler
                0x080033d0        0x2 ./objects/tremo_it.o
                0x080033d0                UsageFault_Handler
 .text.SVC_Handler
                0x080033d2        0x2 ./objects/tremo_it.o
                0x080033d2                SVC_Handler
 .text.PendSV_Handler
                0x080033d4        0x2 ./objects/tremo_it.o
                0x080033d4                PendSV_Handler
 .text.SysTick_Handler
                0x080033d6        0x2 ./objects/tremo_it.o
                0x080033d6                SysTick_Handler
 .text.PWR_IRQHandler
                0x080033d8        0x2 ./objects/tremo_it.o
                0x080033d8                PWR_IRQHandler
 .text.LORA_IRQHandler
                0x080033da        0x4 ./objects/tremo_it.o
                0x080033da                LORA_IRQHandler
 .text.RTC_IRQHandler
                0x080033de        0x4 ./objects/tremo_it.o
                0x080033de                RTC_IRQHandler
 *fill*         0x080033e2        0x2 
 .text.OnTxDone
                0x080033e4       0x18 ./objects/lora_demo.o
                0x080033e4                OnTxDone
 .text.OnTxTimeout
                0x080033fc       0x18 ./objects/lora_demo.o
                0x080033fc                OnTxTimeout
 .text.OnRxTimeout
                0x08003414       0x18 ./objects/lora_demo.o
                0x08003414                OnRxTimeout
 .text.OnRxError
                0x0800342c       0x18 ./objects/lora_demo.o
                0x0800342c                OnRxError
 .text.OnRxDone
                0x08003444       0x40 ./objects/lora_demo.o
                0x08003444                OnRxDone
 .text.lora_init
                0x08003484      0x118 ./objects/lora_demo.o
                0x08003484                lora_init
 .text.Lora_IRQ_Rrocess
                0x0800359c       0x34 ./objects/lora_demo.o
                0x0800359c                Lora_IRQ_Rrocess
 .text.Wait2TXEnd
                0x080035d0       0x4c ./objects/lora_demo.o
                0x080035d0                Wait2TXEnd
 .text.System_Run
                0x0800361c      0x128 ./objects/app.o
                0x0800361c                System_Run
 .text.RtcSetTimeout
                0x08003744       0x8c ./objects/rtc-board.o
                0x08003744                RtcSetTimeout
 .text.RtcGetTimerContext
                0x080037d0        0xc ./objects/rtc-board.o
                0x080037d0                RtcGetTimerContext
 .text.RtcGetTimerValue
                0x080037dc      0x10c ./objects/rtc-board.o
                0x080037dc                RtcGetTimerValue
 .text.RtcSetTimerContext
                0x080038e8       0x18 ./objects/rtc-board.o
                0x080038e8                RtcSetTimerContext
 .text.RtcGetElapsedTime
                0x08003900       0x18 ./objects/rtc-board.o
                0x08003900                RtcGetElapsedTime
 .text.RtcOnIrq
                0x08003918       0x32 ./objects/rtc-board.o
                0x08003918                RtcOnIrq
 .text.BoardDisableIrq
                0x0800394a        0x4 ./objects/sx1262-board.o
                0x0800394a                BoardDisableIrq
 .text.BoardEnableIrq
                0x0800394e        0x4 ./objects/sx1262-board.o
                0x0800394e                BoardEnableIrq
 *fill*         0x08003952        0x2 
 .text.SpiInOut
                0x08003954       0x18 ./objects/sx1262-board.o
                0x08003954                SpiInOut
 .text.SX126xLoracInit
                0x0800396c       0x5c ./objects/sx1262-board.o
                0x0800396c                SX126xLoracInit
 .text.SX126xGetBoardTcxoWakeupTime
                0x080039c8        0x4 ./objects/sx1262-board.o
                0x080039c8                SX126xGetBoardTcxoWakeupTime
 .text.SX126xReset
                0x080039cc       0x54 ./objects/sx1262-board.o
                0x080039cc                SX126xReset
 .text.SX126xWaitOnBusy
                0x08003a20       0x18 ./objects/sx1262-board.o
                0x08003a20                SX126xWaitOnBusy
 .text.SX126xWakeup
                0x08003a38       0x30 ./objects/sx1262-board.o
                0x08003a38                SX126xWakeup
 .text.SX126xWriteCommand
                0x08003a68       0x44 ./objects/sx1262-board.o
                0x08003a68                SX126xWriteCommand
 .text.SX126xReadCommand
                0x08003aac       0x48 ./objects/sx1262-board.o
                0x08003aac                SX126xReadCommand
 .text.SX126xWriteRegisters
                0x08003af4       0x48 ./objects/sx1262-board.o
                0x08003af4                SX126xWriteRegisters
 .text.SX126xWriteRegister
                0x08003b3c       0x16 ./objects/sx1262-board.o
                0x08003b3c                SX126xWriteRegister
 *fill*         0x08003b52        0x2 
 .text.SX126xReadRegisters
                0x08003b54       0x50 ./objects/sx1262-board.o
                0x08003b54                SX126xReadRegisters
 .text.SX126xReadRegister
                0x08003ba4       0x16 ./objects/sx1262-board.o
                0x08003ba4                SX126xReadRegister
 *fill*         0x08003bba        0x2 
 .text.SX126xWriteBuffer
                0x08003bbc       0x44 ./objects/sx1262-board.o
                0x08003bbc                SX126xWriteBuffer
 .text.SX126xReadBuffer
                0x08003c00       0x4c ./objects/sx1262-board.o
                0x08003c00                SX126xReadBuffer
 .text.SX126xSetRfTxPower
                0x08003c4c        0x6 ./objects/sx1262-board.o
                0x08003c4c                SX126xSetRfTxPower
 .text.SX126xGetPaSelect
                0x08003c52        0x4 ./objects/sx1262-board.o
                0x08003c52                SX126xGetPaSelect
 *fill*         0x08003c56        0x2 
 .text.SX126xAntSwOn
                0x08003c58       0x10 ./objects/sx1262-board.o
                0x08003c58                SX126xAntSwOn
 .text.SX126xAntSwOff
                0x08003c68       0x10 ./objects/sx1262-board.o
                0x08003c68                SX126xAntSwOff
 .text.DelayMs  0x08003c78        0x4 ./objects/delay.o
                0x08003c78                DelayMs
 .text.TimeStampsUpdate
                0x08003c7c       0x2c ./objects/timer.o
 .text.TimerIrqHandler
                0x08003ca8       0x74 ./objects/timer.o
                0x08003ca8                TimerIrqHandler
 .text.SX126xGetOperatingMode
                0x08003d1c        0xc ./objects/sx126x.o
                0x08003d1c                SX126xGetOperatingMode
 .text.SX126xSetOperatingMode
                0x08003d28        0xc ./objects/sx126x.o
                0x08003d28                SX126xSetOperatingMode
 .text.SX126xCheckDeviceReady
                0x08003d34       0x24 ./objects/sx126x.o
                0x08003d34                SX126xCheckDeviceReady
 .text.SX126xSetPayload
                0x08003d58        0xa ./objects/sx126x.o
                0x08003d58                SX126xSetPayload
 .text.SX126xSetSyncWord
                0x08003d62       0x12 ./objects/sx126x.o
                0x08003d62                SX126xSetSyncWord
 .text.SX126xSetCrcSeed
                0x08003d74       0x28 ./objects/sx126x.o
                0x08003d74                SX126xSetCrcSeed
 .text.SX126xSetCrcPolynomial
                0x08003d9c       0x28 ./objects/sx126x.o
                0x08003d9c                SX126xSetCrcPolynomial
 .text.SX126xSetWhiteningSeed
                0x08003dc4       0x38 ./objects/sx126x.o
                0x08003dc4                SX126xSetWhiteningSeed
 .text.SX126xSetSleep
                0x08003dfc       0x24 ./objects/sx126x.o
                0x08003dfc                SX126xSetSleep
 .text.SX126xSetStandby
                0x08003e20       0x2c ./objects/sx126x.o
                0x08003e20                SX126xSetStandby
 .text.SX126xSetTx
                0x08003e4c       0x2c ./objects/sx126x.o
                0x08003e4c                SX126xSetTx
 .text.SX126xSendPayload
                0x08003e78       0x12 ./objects/sx126x.o
                0x08003e78                SX126xSendPayload
 *fill*         0x08003e8a        0x2 
 .text.SX126xSetRx
                0x08003e8c       0x2c ./objects/sx126x.o
                0x08003e8c                SX126xSetRx
 .text.SX126xSetRxBoosted
                0x08003eb8       0x38 ./objects/sx126x.o
                0x08003eb8                SX126xSetRxBoosted
 .text.SX126xSetRxDutyCycle
                0x08003ef0       0x3c ./objects/sx126x.o
                0x08003ef0                SX126xSetRxDutyCycle
 .text.SX126xSetCad
                0x08003f2c       0x18 ./objects/sx126x.o
                0x08003f2c                SX126xSetCad
 .text.SX126xSetTxContinuousWave
                0x08003f44        0xa ./objects/sx126x.o
                0x08003f44                SX126xSetTxContinuousWave
 .text.SX126xSetStopRxTimerOnPreambleDetect
                0x08003f4e       0x18 ./objects/sx126x.o
                0x08003f4e                SX126xSetStopRxTimerOnPreambleDetect
 .text.SX126xSetLoRaSymbNumTimeout
                0x08003f66       0x18 ./objects/sx126x.o
                0x08003f66                SX126xSetLoRaSymbNumTimeout
 .text.SX126xSetRegulatorMode
                0x08003f7e       0x18 ./objects/sx126x.o
                0x08003f7e                SX126xSetRegulatorMode
 *fill*         0x08003f96        0x2 
 .text.SX126xCalibrateImage
                0x08003f98       0x78 ./objects/sx126x.o
                0x08003f98                SX126xCalibrateImage
 .text.SX126xSetPaConfig
                0x08004010       0x24 ./objects/sx126x.o
                0x08004010                SX126xSetPaConfig
 .text.SX126xSetDioIrqParams
                0x08004034       0x38 ./objects/sx126x.o
                0x08004034                SX126xSetDioIrqParams
 .text.SX126xGetIrqStatus
                0x0800406c       0x1a ./objects/sx126x.o
                0x0800406c                SX126xGetIrqStatus
 .text.SX126xSetDio2AsRfSwitchCtrl
                0x08004086       0x18 ./objects/sx126x.o
                0x08004086                SX126xSetDio2AsRfSwitchCtrl
 *fill*         0x0800409e        0x2 
 .text.SX126xInit
                0x080040a0       0x28 ./objects/sx126x.o
                0x080040a0                SX126xInit
 .text.SX126xSetRfFrequency
                0x080040c8       0x5c ./objects/sx126x.o
                0x080040c8                SX126xSetRfFrequency
 .text.SX126xSetPacketType
                0x08004124       0x20 ./objects/sx126x.o
                0x08004124                SX126xSetPacketType
 .text.SX126xGetPacketType
                0x08004144        0xc ./objects/sx126x.o
                0x08004144                SX126xGetPacketType
 .text.SX126xSetTxParams
                0x08004150       0xbc ./objects/sx126x.o
                0x08004150                SX126xSetTxParams
 *fill*         0x0800420c        0x4 
 .text.SX126xSetModulationParams
                0x08004210       0xcc ./objects/sx126x.o
                0x08004210                SX126xSetModulationParams
 .text.SX126xSetPacketParams
                0x080042dc       0xcc ./objects/sx126x.o
                0x080042dc                SX126xSetPacketParams
 .text.SX126xSetCadParams
                0x080043a8       0x3c ./objects/sx126x.o
                0x080043a8                SX126xSetCadParams
 .text.SX126xSetBufferBaseAddress
                0x080043e4       0x1a ./objects/sx126x.o
                0x080043e4                SX126xSetBufferBaseAddress
 .text.SX126xGetRssiInst
                0x080043fe       0x1a ./objects/sx126x.o
                0x080043fe                SX126xGetRssiInst
 .text.SX126xGetRxBufferStatus
                0x08004418       0x48 ./objects/sx126x.o
                0x08004418                SX126xGetRxBufferStatus
 .text.SX126xGetPayload
                0x08004460       0x32 ./objects/sx126x.o
                0x08004460                SX126xGetPayload
 *fill*         0x08004492        0x2 
 .text.SX126xGetPacketStatus
                0x08004494       0x80 ./objects/sx126x.o
                0x08004494                SX126xGetPacketStatus
 .text.SX126xClearIrqStatus
                0x08004514       0x1c ./objects/sx126x.o
                0x08004514                SX126xClearIrqStatus
 .text.RadioIsChannelFree
                0x08004530        0x4 ./objects/radio.o
                0x08004530                RadioIsChannelFree
 .text.RadioCheckRfFrequency
                0x08004534        0x4 ./objects/radio.o
                0x08004534                RadioCheckRfFrequency
 .text.RadioStandby
                0x08004538        0x6 ./objects/radio.o
                0x08004538                RadioStandby
 *fill*         0x0800453e        0x2 
 .text.RadioInit
                0x08004540       0x3c ./objects/radio.o
                0x08004540                RadioInit
 .text.RadioGetStatus
                0x0800457c       0x18 ./objects/radio.o
                0x0800457c                RadioGetStatus
 .text.RadioSetChannel
                0x08004594        0x4 ./objects/radio.o
                0x08004594                RadioSetChannel
 .text.RadioRssi
                0x08004598        0xa ./objects/radio.o
                0x08004598                RadioRssi
 .text.RadioRead
                0x080045a2        0x4 ./objects/radio.o
                0x080045a2                RadioRead
 .text.RadioWrite
                0x080045a6        0x4 ./objects/radio.o
                0x080045a6                RadioWrite
 *fill*         0x080045aa        0x2 
 .text.RadioSend
                0x080045ac       0x40 ./objects/radio.o
                0x080045ac                RadioSend
 .text.RadioSleep
                0x080045ec       0x20 ./objects/radio.o
                0x080045ec                RadioSleep
 .text.RadioSetRxDutyCycle
                0x0800460c        0x4 ./objects/radio.o
                0x0800460c                RadioSetRxDutyCycle
 .text.RadioStartCad
                0x08004610       0x58 ./objects/radio.o
                0x08004610                RadioStartCad
 .text.RadioSetTxContinuousWave
                0x08004668       0x16 ./objects/radio.o
                0x08004668                RadioSetTxContinuousWave
 .text.RadioWriteBuffer
                0x0800467e        0x4 ./objects/radio.o
                0x0800467e                RadioWriteBuffer
 .text.RadioReadBuffer
                0x08004682        0x4 ./objects/radio.o
                0x08004682                RadioReadBuffer
 .text.RadioGetWakeupTime
                0x08004686        0xa ./objects/radio.o
                0x08004686                RadioGetWakeupTime
 .text.RadioGetFskBandwidthRegValue
                0x08004690       0x34 ./objects/radio.o
 .text.RadioRx  0x080046c4       0x30 ./objects/radio.o
                0x080046c4                RadioRx
 .text.RadioSetMaxPayloadLength
                0x080046f4       0x2c ./objects/radio.o
                0x080046f4                RadioSetMaxPayloadLength
 .text.RadioRxBoosted
                0x08004720       0x2c ./objects/radio.o
                0x08004720                RadioRxBoosted
 .text.RadioIrqProcess
                0x0800474c      0x144 ./objects/radio.o
                0x0800474c                RadioIrqProcess
 .text.RadioSetPublicNetwork
                0x08004890       0x40 ./objects/radio.o
                0x08004890                RadioSetPublicNetwork
 .text.RadioSetModem.part.0
                0x080048d0       0x28 ./objects/radio.o
 .text.RadioSetModem
                0x080048f8       0x24 ./objects/radio.o
                0x080048f8                RadioSetModem
 .text.RadioRandom
                0x0800491c       0x3c ./objects/radio.o
                0x0800491c                RadioRandom
 .text.RadioSymbTime
                0x08004958       0x2c ./objects/radio.o
                0x08004958                RadioSymbTime
 *fill*         0x08004984        0x4 
 .text.RadioSetRxConfig
                0x08004988      0x210 ./objects/radio.o
                0x08004988                RadioSetRxConfig
 .text.RadioSetTxConfig
                0x08004b98      0x194 ./objects/radio.o
                0x08004b98                RadioSetTxConfig
 *fill*         0x08004d2c        0x4 
 .text.RadioTimeOnAir
                0x08004d30      0x190 ./objects/radio.o
                0x08004d30                RadioTimeOnAir
 .text.RadioOnDioIrq
                0x08004ec0       0x20 ./objects/radio.o
                0x08004ec0                RadioOnDioIrq
 .text.rand1    0x08004ee0       0x28 ./objects/utilities.o
                0x08004ee0                rand1
 .text.Cmd_BeaconRequest
                0x08004f08      0x18c ./objects/lora_cmd_m.o
                0x08004f08                Cmd_BeaconRequest
 .text.Cmd_SlaverInNet
                0x08005094      0x108 ./objects/lora_cmd_m.o
                0x08005094                Cmd_SlaverInNet
 .text.Cmd_Slaver_Request_Leave
                0x0800519c       0x4c ./objects/lora_cmd_m.o
                0x0800519c                Cmd_Slaver_Request_Leave
 .text.Cmd_HeartBeat
                0x080051e8        0x2 ./objects/lora_cmd_m.o
                0x080051e8                Cmd_HeartBeat
 *fill*         0x080051ea        0x2 
 .text.PCmd_Master_Request_Leave
                0x080051ec       0x3c ./objects/lora_cmd_m.o
                0x080051ec                PCmd_Master_Request_Leave
 .text.Cmd_Lora_SendData
                0x08005228       0x4c ./objects/lora_cmd_m.o
                0x08005228                Cmd_Lora_SendData
 .text.Cmd_DeviceAnnonce
                0x08005274       0x70 ./objects/lora_cmd_s.o
                0x08005274                Cmd_DeviceAnnonce
 .text.Cmd_Master_Request_Leave
                0x080052e4       0x30 ./objects/lora_cmd_s.o
                0x080052e4                Cmd_Master_Request_Leave
 .text.Cmd_Lora_Change_Para
                0x08005314       0x5c ./objects/lora_cmd_s.o
                0x08005314                Cmd_Lora_Change_Para
 .text.PCmd_BeaconRequest
                0x08005370       0x60 ./objects/lora_cmd_s.o
                0x08005370                PCmd_BeaconRequest
 .text.PCmd_SlaverInNet
                0x080053d0       0x5c ./objects/lora_cmd_s.o
                0x080053d0                PCmd_SlaverInNet
 .text.Cmd_Beacon
                0x0800542c       0x58 ./objects/lora_cmd_s.o
                0x0800542c                Cmd_Beacon
 .text.PCmd_Slaver_Request_Leave
                0x08005484       0x34 ./objects/lora_cmd_s.o
                0x08005484                PCmd_Slaver_Request_Leave
 .text.CusProfile_Send
                0x080054b8       0x9c ./objects/lora_core.o
                0x080054b8                CusProfile_Send
 .text.CusProfile_Receive
                0x08005554      0x108 ./objects/lora_core.o
                0x08005554                CusProfile_Receive
 .text.Slaver_Period_1s
                0x0800565c       0x78 ./objects/lora_core.o
                0x0800565c                Slaver_Period_1s
 .text.Lora_State_Data_Syn
                0x080056d4      0x260 ./objects/lora_flash.o
                0x080056d4                Lora_State_Data_Syn
 .text.Lora_State_Save
                0x08005934      0x118 ./objects/lora_flash.o
                0x08005934                Lora_State_Save
 .text.Lora_AsData_Add
                0x08005a4c      0x124 ./objects/lora_flash.o
                0x08005a4c                Lora_AsData_Add
 .text.Lora_AsData_Del
                0x08005b70       0xcc ./objects/lora_flash.o
                0x08005b70                Lora_AsData_Del
 .text.Lora_AsData_Syn
                0x08005c3c       0xa8 ./objects/lora_flash.o
                0x08005c3c                Lora_AsData_Syn
 .text.Get_IDLE_ID
                0x08005ce4       0x20 ./objects/lora_function.o
                0x08005ce4                Get_IDLE_ID
 .text.Compare_ShortAddr
                0x08005d04       0x28 ./objects/lora_function.o
                0x08005d04                Compare_ShortAddr
 .text.Compare_Register_SAddr
                0x08005d2c        0x4 ./objects/lora_function.o
                0x08005d2c                Compare_Register_SAddr
 .text.Compare_MAC
                0x08005d30       0x3c ./objects/lora_function.o
                0x08005d30                Compare_MAC
 .text.XOR_Calculate
                0x08005d6c       0x14 ./objects/lora_function.o
                0x08005d6c                XOR_Calculate
 .text.Lora_ReceiveData2State
                0x08005d80       0x50 ./objects/lora_function.o
                0x08005d80                Lora_ReceiveData2State
 .text.StringToMac
                0x08005dd0       0x70 ./objects/lora_function.o
                0x08005dd0                StringToMac
 .text.MacToString
                0x08005e40       0x3a ./objects/lora_function.o
                0x08005e40                MacToString
 .text.CompareMac
                0x08005e7a       0x10 ./objects/lora_function.o
                0x08005e7a                CompareMac
 *fill*         0x08005e8a        0x2 
 .text.handle_bledisconn
                0x08005e8c       0x14 ./objects/lora_at_cmd.o
                0x08005e8c                handle_bledisconn
 .text.handleChannel
                0x08005ea0       0x10 ./objects/lora_at_cmd.o
                0x08005ea0                handleChannel
 .text.handlePanid
                0x08005eb0       0x14 ./objects/lora_at_cmd.o
                0x08005eb0                handlePanid
 .text.handleSaddr
                0x08005ec4       0x14 ./objects/lora_at_cmd.o
                0x08005ec4                handleSaddr
 .text.handle_connect
                0x08005ed8       0x20 ./objects/lora_at_cmd.o
                0x08005ed8                handle_connect
 .text.handle_disconnect
                0x08005ef8       0x4c ./objects/lora_at_cmd.o
                0x08005ef8                handle_disconnect
 .text.handle_setSelfName
                0x08005f44       0x6c ./objects/lora_at_cmd.o
                0x08005f44                handle_setSelfName
 .text.handle_bleconnect
                0x08005fb0      0x164 ./objects/lora_at_cmd.o
                0x08005fb0                handle_bleconnect
 .text.handleRst
                0x08006114       0x14 ./objects/lora_at_cmd.o
                0x08006114                handleRst
 .text.handleBaud
                0x08006128       0x38 ./objects/lora_at_cmd.o
                0x08006128                handleBaud
 .text.handleNetclose
                0x08006160       0x28 ./objects/lora_at_cmd.o
                0x08006160                handleNetclose
 .text.handleNetopen
                0x08006188       0x38 ./objects/lora_at_cmd.o
                0x08006188                handleNetopen
 .text.handleLeave
                0x080061c0        0x4 ./objects/lora_at_cmd.o
                0x080061c0                handleLeave
 .text.handleDelet
                0x080061c4       0x34 ./objects/lora_at_cmd.o
                0x080061c4                handleDelet
 .text.handleAR
                0x080061f8       0x4c ./objects/lora_at_cmd.o
                0x080061f8                handleAR
 .text.handle_blename
                0x08006244       0x14 ./objects/lora_at_cmd.o
                0x08006244                handle_blename
 .text.handleTxpower
                0x08006258        0x2 ./objects/lora_at_cmd.o
                0x08006258                handleTxpower
 .text.handlePrint
                0x0800625a        0x2 ./objects/lora_at_cmd.o
                0x0800625a                handlePrint
 .text.str_tok  0x0800625c       0x7c ./objects/lora_at_cmd.o
                0x0800625c                str_tok
 .text.handle_setname
                0x080062d8       0x64 ./objects/lora_at_cmd.o
                0x080062d8                handle_setname
 .text.parse_input
                0x0800633c       0x4c ./objects/lora_at_cmd.o
                0x0800633c                parse_input
 .text.handle_command
                0x08006388       0x52 ./objects/lora_at_cmd.o
                0x08006388                handle_command
 *fill*         0x080063da        0x2 
 .text.parseATCommand
                0x080063dc       0x58 ./objects/lora_at_cmd.o
                0x080063dc                parseATCommand
 .text.executeCommand
                0x08006434       0x28 ./objects/lora_at_cmd.o
                0x08006434                executeCommand
 .text.processATCommand
                0x0800645c       0x50 ./objects/lora_at_cmd.o
                0x0800645c                processATCommand
 .text.ChipID_Syn
                0x080064ac       0x50 ./objects/lora_user.o
                0x080064ac                ChipID_Syn
 .text.Lora_StateInit
                0x080064fc       0x18 ./objects/lora_user.o
                0x080064fc                Lora_StateInit
 .text.User_Slaver_Cmd
                0x08006514        0x2 ./objects/lora_user.o
                0x08006514                User_Slaver_Cmd
 *fill*         0x08006516        0x2 
 .text.Lora_Send_Data
                0x08006518       0x24 ./objects/lora_user.o
                0x08006518                Lora_Send_Data
 .text.PCmd_LoRa_SetSlaverName
                0x0800653c       0x58 ./objects/lora_user.o
                0x0800653c                PCmd_LoRa_SetSlaverName
 .text.Cmd_LoRa_SetSlaverName
                0x08006594       0x7c ./objects/lora_user.o
                0x08006594                Cmd_LoRa_SetSlaverName
 .text.PCmd_LoRa_SetSelfName
                0x08006610       0x44 ./objects/lora_user.o
                0x08006610                PCmd_LoRa_SetSelfName
 .text.Cmd_LoRa_SetSelfName
                0x08006654       0x8c ./objects/lora_user.o
                0x08006654                Cmd_LoRa_SetSelfName
 .text.atoi     0x080066e0        0x8 e:/software/gcc_2021.10/bin/../lib/gcc/arm-none-eabi/10.3.1/../../../../arm-none-eabi/lib/thumb/v7e-m/nofp\libc.a(lib_a-atoi.o)
                0x080066e0                atoi
 .text.__libc_init_array
                0x080066e8       0x48 e:/software/gcc_2021.10/bin/../lib/gcc/arm-none-eabi/10.3.1/../../../../arm-none-eabi/lib/thumb/v7e-m/nofp\libc.a(lib_a-init.o)
                0x080066e8                __libc_init_array
 .text.memcmp   0x08006730       0x68 e:/software/gcc_2021.10/bin/../lib/gcc/arm-none-eabi/10.3.1/../../../../arm-none-eabi/lib/thumb/v7e-m/nofp\libc.a(lib_a-memcmp.o)
                0x08006730                memcmp
 .text.memset   0x08006798       0xa4 e:/software/gcc_2021.10/bin/../lib/gcc/arm-none-eabi/10.3.1/../../../../arm-none-eabi/lib/thumb/v7e-m/nofp\libc.a(lib_a-memset.o)
                0x08006798                memset
 .text.strncmp  0x0800683c       0x80 e:/software/gcc_2021.10/bin/../lib/gcc/arm-none-eabi/10.3.1/../../../../arm-none-eabi/lib/thumb/v7e-m/nofp\libc.a(lib_a-strncmp.o)
                0x0800683c                strncmp
 .text.strncpy  0x080068bc       0x64 e:/software/gcc_2021.10/bin/../lib/gcc/arm-none-eabi/10.3.1/../../../../arm-none-eabi/lib/thumb/v7e-m/nofp\libc.a(lib_a-strncpy.o)
                0x080068bc                strncpy
 .text.strnlen  0x08006920       0x24 e:/software/gcc_2021.10/bin/../lib/gcc/arm-none-eabi/10.3.1/../../../../arm-none-eabi/lib/thumb/v7e-m/nofp\libc.a(lib_a-strnlen.o)
                0x08006920                strnlen
 .text._strtol_l.part.0
                0x08006944      0x120 e:/software/gcc_2021.10/bin/../lib/gcc/arm-none-eabi/10.3.1/../../../../arm-none-eabi/lib/thumb/v7e-m/nofp\libc.a(lib_a-strtol.o)
 .text.strtol   0x08006a64       0x2c e:/software/gcc_2021.10/bin/../lib/gcc/arm-none-eabi/10.3.1/../../../../arm-none-eabi/lib/thumb/v7e-m/nofp\libc.a(lib_a-strtol.o)
                0x08006a64                strtol
 .text.startup.register_fini
                0x08006a90       0x14 e:/software/gcc_2021.10/bin/../lib/gcc/arm-none-eabi/10.3.1/../../../../arm-none-eabi/lib/thumb/v7e-m/nofp\libc.a(lib_a-__call_atexit.o)
 .text.atexit   0x08006aa4        0xc e:/software/gcc_2021.10/bin/../lib/gcc/arm-none-eabi/10.3.1/../../../../arm-none-eabi/lib/thumb/v7e-m/nofp\libc.a(lib_a-atexit.o)
                0x08006aa4                atexit
 .text.__errno  0x08006ab0        0xc e:/software/gcc_2021.10/bin/../lib/gcc/arm-none-eabi/10.3.1/../../../../arm-none-eabi/lib/thumb/v7e-m/nofp\libc.a(lib_a-errno.o)
                0x08006ab0                __errno
 .text.__libc_fini_array
                0x08006abc       0x2c e:/software/gcc_2021.10/bin/../lib/gcc/arm-none-eabi/10.3.1/../../../../arm-none-eabi/lib/thumb/v7e-m/nofp\libc.a(lib_a-fini.o)
                0x08006abc                __libc_fini_array
 .text.__retarget_lock_acquire_recursive
                0x08006ae8        0x4 e:/software/gcc_2021.10/bin/../lib/gcc/arm-none-eabi/10.3.1/../../../../arm-none-eabi/lib/thumb/v7e-m/nofp\libc.a(lib_a-lock.o)
                0x08006ae8                __retarget_lock_acquire_recursive
 .text.__retarget_lock_release_recursive
                0x08006aec        0x4 e:/software/gcc_2021.10/bin/../lib/gcc/arm-none-eabi/10.3.1/../../../../arm-none-eabi/lib/thumb/v7e-m/nofp\libc.a(lib_a-lock.o)
                0x08006aec                __retarget_lock_release_recursive
 .text.__register_exitproc
                0x08006af0       0x8c e:/software/gcc_2021.10/bin/../lib/gcc/arm-none-eabi/10.3.1/../../../../arm-none-eabi/lib/thumb/v7e-m/nofp\libc.a(lib_a-__atexit.o)
                0x08006af0                __register_exitproc
 *fill*         0x08006b7c        0x4 
 .text.ceil     0x08006b80       0xf8 e:/software/gcc_2021.10/bin/../lib/gcc/arm-none-eabi/10.3.1/../../../../arm-none-eabi/lib/thumb/v7e-m/nofp\libm.a(lib_a-s_ceil.o)
                0x08006b80                ceil
 .text.floor    0x08006c78       0xf8 e:/software/gcc_2021.10/bin/../lib/gcc/arm-none-eabi/10.3.1/../../../../arm-none-eabi/lib/thumb/v7e-m/nofp\libm.a(lib_a-s_floor.o)
                0x08006c78                floor
 .text.rint     0x08006d70      0x138 e:/software/gcc_2021.10/bin/../lib/gcc/arm-none-eabi/10.3.1/../../../../arm-none-eabi/lib/thumb/v7e-m/nofp\libm.a(lib_a-s_rint.o)
                0x08006d70                rint
 .text.round    0x08006ea8       0x94 e:/software/gcc_2021.10/bin/../lib/gcc/arm-none-eabi/10.3.1/../../../../arm-none-eabi/lib/thumb/v7e-m/nofp\libm.a(lib_a-s_round.o)
                0x08006ea8                round
 *(.glue_7)
 .glue_7        0x08006f3c        0x0 linker stubs
 *(.glue_7t)
 .glue_7t       0x08006f3c        0x0 linker stubs
 *(.eh_frame)
 .eh_frame      0x08006f3c        0x0 e:/software/gcc_2021.10/bin/../lib/gcc/arm-none-eabi/10.3.1/thumb/v7e-m/nofp/crtbegin.o
 *(.init)
 .init          0x08006f3c        0x4 e:/software/gcc_2021.10/bin/../lib/gcc/arm-none-eabi/10.3.1/thumb/v7e-m/nofp/crti.o
                0x08006f3c                _init
 .init          0x08006f40        0x8 e:/software/gcc_2021.10/bin/../lib/gcc/arm-none-eabi/10.3.1/thumb/v7e-m/nofp/crtn.o
 *(.fini)
 .fini          0x08006f48        0x4 e:/software/gcc_2021.10/bin/../lib/gcc/arm-none-eabi/10.3.1/thumb/v7e-m/nofp/crti.o
                0x08006f48                _fini
 .fini          0x08006f4c        0x8 e:/software/gcc_2021.10/bin/../lib/gcc/arm-none-eabi/10.3.1/thumb/v7e-m/nofp/crtn.o
                0x08006f54                . = ALIGN (0x4)
                0x08006f54                _etext = .

.vfp11_veneer   0x08006f54        0x0
 .vfp11_veneer  0x08006f54        0x0 linker stubs

.v4_bx          0x08006f54        0x0
 .v4_bx         0x08006f54        0x0 linker stubs

.iplt           0x08006f54        0x0
 .iplt          0x08006f54        0x0 e:/software/gcc_2021.10/bin/../lib/gcc/arm-none-eabi/10.3.1/thumb/v7e-m/nofp/crtbegin.o

.rodata         0x08006f58      0x510
                0x08006f58                . = ALIGN (0x4)
 *(.rodata)
 .rodata        0x08006f58       0x50 ./objects/printf-stdarg.o
 .rodata        0x08006fa8        0xc ./objects/tremo_uart.o
 .rodata        0x08006fb4       0x18 ./objects/rtc-board.o
 .rodata        0x08006fcc       0x11 ./objects/sx126x.o
 *fill*         0x08006fdd        0x3 
 .rodata        0x08006fe0      0x188 ./objects/radio.o
                0x08006fe0                FskBandwidths
                0x080070f0                Bandwidths
                0x080070fc                Radio
 *(.rodata*)
 .rodata.str1.1
                0x08007168       0x19 ./objects/printf-stdarg.o
 .rodata.str1.1
                0x08007181       0x55 ./objects/main.o
 .rodata.str1.1
                0x080071d6       0x20 ./objects/lora_cmd_m.o
                                 0x23 (size before relaxing)
 .rodata.str1.1
                0x080071f6       0x1d ./objects/lora_flash.o
 .rodata.str1.1
                0x08007213      0x138 ./objects/lora_at_cmd.o
                                0x169 (size before relaxing)
 .rodata.str1.1
                0x0800734b       0x21 ./objects/lora_user.o
 *fill*         0x0800734b        0x1 
 .rodata._global_impure_ptr
                0x0800734c        0x4 e:/software/gcc_2021.10/bin/../lib/gcc/arm-none-eabi/10.3.1/../../../../arm-none-eabi/lib/thumb/v7e-m/nofp\libc.a(lib_a-impure.o)
                0x0800734c                _global_impure_ptr
 .rodata._ctype_
                0x08007350      0x101 e:/software/gcc_2021.10/bin/../lib/gcc/arm-none-eabi/10.3.1/../../../../arm-none-eabi/lib/thumb/v7e-m/nofp\libc.a(lib_a-ctype_.o)
                0x08007350                _ctype_
 *fill*         0x08007451        0x7 
 .rodata.TWO52  0x08007458       0x10 e:/software/gcc_2021.10/bin/../lib/gcc/arm-none-eabi/10.3.1/../../../../arm-none-eabi/lib/thumb/v7e-m/nofp\libm.a(lib_a-s_rint.o)
                0x08007468                . = ALIGN (0x4)

.ARM.extab
 *(.ARM.extab* .gnu.linkonce.armextab.*)

.ARM            0x08007468        0x8
                0x08007468                __exidx_start = .
 *(.ARM.exidx*)
 .ARM.exidx     0x08007468        0x8 e:/software/gcc_2021.10/bin/../lib/gcc/arm-none-eabi/10.3.1/thumb/v7e-m/nofp\libgcc.a(_udivmoddi4.o)
                0x08007470                __exidx_end = .

.rel.dyn        0x08007470        0x0
 .rel.iplt      0x08007470        0x0 e:/software/gcc_2021.10/bin/../lib/gcc/arm-none-eabi/10.3.1/thumb/v7e-m/nofp/crtbegin.o

.preinit_array  0x08007470        0x0
                0x08007470                PROVIDE (__preinit_array_start = .)
 *(.preinit_array*)
                0x08007470                PROVIDE (__preinit_array_end = .)

.init_array     0x08007470        0x8
                0x08007470                PROVIDE (__init_array_start = .)
 *(SORT_BY_NAME(.init_array.*))
 .init_array.00000
                0x08007470        0x4 e:/software/gcc_2021.10/bin/../lib/gcc/arm-none-eabi/10.3.1/../../../../arm-none-eabi/lib/thumb/v7e-m/nofp\libc.a(lib_a-__call_atexit.o)
 *(.init_array*)
 .init_array    0x08007474        0x4 e:/software/gcc_2021.10/bin/../lib/gcc/arm-none-eabi/10.3.1/thumb/v7e-m/nofp/crtbegin.o
                0x08007478                PROVIDE (__init_array_end = .)

.fini_array     0x08007478        0x4
                0x08007478                PROVIDE (__fini_array_start = .)
 *(SORT_BY_NAME(.fini_array.*))
 *(.fini_array*)
 .fini_array    0x08007478        0x4 e:/software/gcc_2021.10/bin/../lib/gcc/arm-none-eabi/10.3.1/thumb/v7e-m/nofp/crtbegin.o
                0x0800747c                PROVIDE (__fini_array_end = .)
                0x0800747c                _sidata = LOADADDR (.data)

.data           0x20000000      0x774 load address 0x0800747c
                0x20000000                . = ALIGN (0x4)
                0x20000000                _sdata = .
 *(.data)
 .data          0x20000000        0x4 ./objects/main.o
                0x20000000                prefix
 .data          0x20000004        0x1 ./objects/radio.o
                0x20000004                MaxPayloadLength
 *fill*         0x20000005        0x3 
 .data          0x20000008        0x4 ./objects/utilities.o
 .data          0x2000000c      0x338 ./objects/lora_at_cmd.o
                0x2000000c                AT_CommandList
                0x2000003c                AT_Handlers
                0x2000006c                cmd_map
 *(.data*)
 .data._impure_ptr
                0x20000344        0x4 e:/software/gcc_2021.10/bin/../lib/gcc/arm-none-eabi/10.3.1/../../../../arm-none-eabi/lib/thumb/v7e-m/nofp\libc.a(lib_a-impure.o)
                0x20000344                _impure_ptr
 .data.impure_data
                0x20000348      0x428 e:/software/gcc_2021.10/bin/../lib/gcc/arm-none-eabi/10.3.1/../../../../arm-none-eabi/lib/thumb/v7e-m/nofp\libc.a(lib_a-impure.o)
 .data.__atexit_recursive_mutex
                0x20000770        0x4 e:/software/gcc_2021.10/bin/../lib/gcc/arm-none-eabi/10.3.1/../../../../arm-none-eabi/lib/thumb/v7e-m/nofp\libc.a(lib_a-__call_atexit.o)
                0x20000770                __atexit_recursive_mutex
                0x20000774                . = ALIGN (0x4)
                0x20000774                _edata = .

.igot.plt       0x20000774        0x0 load address 0x08007bf0
 .igot.plt      0x20000774        0x0 e:/software/gcc_2021.10/bin/../lib/gcc/arm-none-eabi/10.3.1/thumb/v7e-m/nofp/crtbegin.o
                0x20000774                . = ALIGN (0x4)

.bss            0x20000778      0xce0 load address 0x08007bf0
                0x20000778                _sbss = .
                0x20000778                __bss_start__ = _sbss
 *(.bss)
 .bss           0x20000778       0x1c e:/software/gcc_2021.10/bin/../lib/gcc/arm-none-eabi/10.3.1/thumb/v7e-m/nofp/crtbegin.o
 .bss           0x20000794        0x1 ./objects/tremo_delay.o
 *fill*         0x20000795        0x3 
 .bss           0x20000798      0x242 ./objects/main.o
                0x20000798                Sys_ms
                0x2000079c                uart_state
                0x200008a2                ble_state
                0x200009a8                BleBuffer
 *fill*         0x200009da        0x2 
 .bss           0x200009dc       0x2c ./objects/lora_demo.o
                0x200009dc                State
                0x200009dd                RssiValue
                0x200009de                SnrValue
                0x200009e0                ChipId
 .bss           0x20000a08       0x24 ./objects/app.o
 *fill*         0x20000a2c        0x4 
 .bss           0x20000a30       0x1d ./objects/rtc-board.o
                0x20000a34                RtcCalendarContext
                0x20000a40                RtcTimerContext
                0x20000a48                McuWakeUpTime
                0x20000a4c                NonScheduledWakeUp
 .bss           0x20000a4d        0x1 ./objects/sx1262-board.o
                0x20000a4d                gPaOptSetting
 *fill*         0x20000a4e        0x2 
 .bss           0x20000a50       0x11 ./objects/timer.o
                0x20000a60                HasLoopedThroughMain
 *fill*         0x20000a61        0x3 
 .bss           0x20000a64        0x8 ./objects/sx126x.o
                0x20000a68                FrequencyError
 .bss           0x20000a6c      0x16c ./objects/radio.o
                0x20000a70                IrqFired
                0x20000a74                SX126x
                0x20000ab0                RxContinuous
                0x20000ab4                RxTimeout
                0x20000ab8                irqRegs
                0x20000aba                RadioRxPayload
                0x20000bbc                RadioPktStatus
                0x20000bd4                TxTimeout
 .bss           0x20000bd8      0x78c ./objects/lora_core.o
                0x20000bd8                Lora_State
                0x20000e26                PackageID
                0x20000e28                Register_Device
                0x20000e3c                Associated_devices
                0x2000133c                Associated_Master
 .bss           0x20001364        0x6 ./objects/lora_flash.o
                0x20001364                page1_offset
                0x20001366                page2_offset
                0x20001368                page3_offset
 *fill*         0x2000136a        0x2 
 .bss           0x2000136c       0xe8 ./objects/lora_at_cmd.o
                0x2000136c                Lora_Para_AT
                0x2000137c                cmd
                0x20001444                Lora_Para_AT_Last
 *(.bss*)
 .bss.__lock___atexit_recursive_mutex
                0x20001454        0x1 e:/software/gcc_2021.10/bin/../lib/gcc/arm-none-eabi/10.3.1/../../../../arm-none-eabi/lib/thumb/v7e-m/nofp\libc.a(lib_a-lock.o)
                0x20001454                __lock___atexit_recursive_mutex
 *(COMMON)
                0x20001458                . = ALIGN (0x4)
 *fill*         0x20001455        0x3 
                0x20001458                _ebss = .
                0x20001458                __bss_end__ = _ebss

.heap           0x20001458        0x0 load address 0x08007bf0
                0x20001458                . = ALIGN (0x4)
                0x20001458                _heap_bottom = .
                0x20001458                end = _heap_bottom
                0x20001458                _end = end
                0x20001458                __end = end
                0x20001458                . = (. + _HEAP_SIZE)
                0x20001458                _heap_top = .

.stack          0x20001458     0x1000 load address 0x08007bf0
                0x20001458                . = ALIGN (0x4)
                0x20001458                _stack_bottom = .
                0x20002458                . = (. + _STACK_SIZE)
 *fill*         0x20001458     0x1000 
                0x20002458                _stack_top = .

/DISCARD/
 libc.a(*)
 libm.a(*)
 libgcc.a(*)

.ARM.attributes
                0x00000000       0x2e
 *(.ARM.attributes)
 .ARM.attributes
                0x00000000       0x1e e:/software/gcc_2021.10/bin/../lib/gcc/arm-none-eabi/10.3.1/thumb/v7e-m/nofp/crti.o
 .ARM.attributes
                0x0000001e       0x2e e:/software/gcc_2021.10/bin/../lib/gcc/arm-none-eabi/10.3.1/thumb/v7e-m/nofp/crtbegin.o
 .ARM.attributes
                0x0000004c       0x25 ./objects/startup_cm4.o
 .ARM.attributes
                0x00000071       0x32 ./objects/system_cm4.o
 .ARM.attributes
                0x000000a3       0x32 ./objects/printf-stdarg.o
 .ARM.attributes
                0x000000d5       0x32 ./objects/tremo_bstimer.o
 .ARM.attributes
                0x00000107       0x32 ./objects/tremo_delay.o
 .ARM.attributes
                0x00000139       0x32 ./objects/tremo_flash.o
 .ARM.attributes
                0x0000016b       0x32 ./objects/tremo_gpio.o
 .ARM.attributes
                0x0000019d       0x32 ./objects/tremo_pwr.o
 .ARM.attributes
                0x000001cf       0x32 ./objects/tremo_rcc.o
 .ARM.attributes
                0x00000201       0x32 ./objects/tremo_rtc.o
 .ARM.attributes
                0x00000233       0x32 ./objects/tremo_system.o
 .ARM.attributes
                0x00000265       0x32 ./objects/tremo_uart.o
 .ARM.attributes
                0x00000297       0x32 ./objects/tremo_wdg.o
 .ARM.attributes
                0x000002c9       0x32 ./objects/main.o
 .ARM.attributes
                0x000002fb       0x32 ./objects/tremo_it.o
 .ARM.attributes
                0x0000032d       0x32 ./objects/lora_demo.o
 .ARM.attributes
                0x0000035f       0x32 ./objects/app.o
 .ARM.attributes
                0x00000391       0x32 ./objects/rtc-board.o
 .ARM.attributes
                0x000003c3       0x32 ./objects/sx1262-board.o
 .ARM.attributes
                0x000003f5       0x32 ./objects/delay.o
 .ARM.attributes
                0x00000427       0x32 ./objects/timer.o
 .ARM.attributes
                0x00000459       0x32 ./objects/sx126x.o
 .ARM.attributes
                0x0000048b       0x32 ./objects/radio.o
 .ARM.attributes
                0x000004bd       0x32 ./objects/utilities.o
 .ARM.attributes
                0x000004ef       0x32 ./objects/lora_cmd_m.o
 .ARM.attributes
                0x00000521       0x32 ./objects/lora_cmd_s.o
 .ARM.attributes
                0x00000553       0x32 ./objects/lora_core.o
 .ARM.attributes
                0x00000585       0x32 ./objects/lora_flash.o
 .ARM.attributes
                0x000005b7       0x32 ./objects/lora_function.o
 .ARM.attributes
                0x000005e9       0x32 ./objects/lora_at_cmd.o
 .ARM.attributes
                0x0000061b       0x32 ./objects/lora_user.o
 .ARM.attributes
                0x0000064d       0x1e e:/software/gcc_2021.10/bin/../lib/gcc/arm-none-eabi/10.3.1/thumb/v7e-m/nofp\libgcc.a(_arm_addsubdf3.o)
 .ARM.attributes
                0x0000066b       0x1e e:/software/gcc_2021.10/bin/../lib/gcc/arm-none-eabi/10.3.1/thumb/v7e-m/nofp\libgcc.a(_arm_muldivdf3.o)
 .ARM.attributes
                0x00000689       0x1e e:/software/gcc_2021.10/bin/../lib/gcc/arm-none-eabi/10.3.1/thumb/v7e-m/nofp\libgcc.a(_arm_cmpdf2.o)
 .ARM.attributes
                0x000006a7       0x1e e:/software/gcc_2021.10/bin/../lib/gcc/arm-none-eabi/10.3.1/thumb/v7e-m/nofp\libgcc.a(_arm_fixdfsi.o)
 .ARM.attributes
                0x000006c5       0x1e e:/software/gcc_2021.10/bin/../lib/gcc/arm-none-eabi/10.3.1/thumb/v7e-m/nofp\libgcc.a(_arm_fixunsdfsi.o)
 .ARM.attributes
                0x000006e3       0x1e e:/software/gcc_2021.10/bin/../lib/gcc/arm-none-eabi/10.3.1/thumb/v7e-m/nofp\libgcc.a(_aeabi_uldivmod.o)
 .ARM.attributes
                0x00000701       0x2e e:/software/gcc_2021.10/bin/../lib/gcc/arm-none-eabi/10.3.1/thumb/v7e-m/nofp\libgcc.a(_fixunsdfdi.o)
 .ARM.attributes
                0x0000072f       0x2e e:/software/gcc_2021.10/bin/../lib/gcc/arm-none-eabi/10.3.1/thumb/v7e-m/nofp\libgcc.a(_udivmoddi4.o)
 .ARM.attributes
                0x0000075d       0x1e e:/software/gcc_2021.10/bin/../lib/gcc/arm-none-eabi/10.3.1/thumb/v7e-m/nofp\libgcc.a(_dvmd_tls.o)
 .ARM.attributes
                0x0000077b       0x2e e:/software/gcc_2021.10/bin/../lib/gcc/arm-none-eabi/10.3.1/../../../../arm-none-eabi/lib/thumb/v7e-m/nofp\libc.a(lib_a-atoi.o)
 .ARM.attributes
                0x000007a9       0x2e e:/software/gcc_2021.10/bin/../lib/gcc/arm-none-eabi/10.3.1/../../../../arm-none-eabi/lib/thumb/v7e-m/nofp\libc.a(lib_a-impure.o)
 .ARM.attributes
                0x000007d7       0x2e e:/software/gcc_2021.10/bin/../lib/gcc/arm-none-eabi/10.3.1/../../../../arm-none-eabi/lib/thumb/v7e-m/nofp\libc.a(lib_a-init.o)
 .ARM.attributes
                0x00000805       0x2e e:/software/gcc_2021.10/bin/../lib/gcc/arm-none-eabi/10.3.1/../../../../arm-none-eabi/lib/thumb/v7e-m/nofp\libc.a(lib_a-memcmp.o)
 .ARM.attributes
                0x00000833       0x1c e:/software/gcc_2021.10/bin/../lib/gcc/arm-none-eabi/10.3.1/../../../../arm-none-eabi/lib/thumb/v7e-m/nofp\libc.a(lib_a-memcpy.o)
 .ARM.attributes
                0x0000084f       0x2e e:/software/gcc_2021.10/bin/../lib/gcc/arm-none-eabi/10.3.1/../../../../arm-none-eabi/lib/thumb/v7e-m/nofp\libc.a(lib_a-memset.o)
 .ARM.attributes
                0x0000087d       0x1c e:/software/gcc_2021.10/bin/../lib/gcc/arm-none-eabi/10.3.1/../../../../arm-none-eabi/lib/thumb/v7e-m/nofp\libc.a(lib_a-strlen.o)
 .ARM.attributes
                0x00000899       0x2e e:/software/gcc_2021.10/bin/../lib/gcc/arm-none-eabi/10.3.1/../../../../arm-none-eabi/lib/thumb/v7e-m/nofp\libc.a(lib_a-strncmp.o)
 .ARM.attributes
                0x000008c7       0x2e e:/software/gcc_2021.10/bin/../lib/gcc/arm-none-eabi/10.3.1/../../../../arm-none-eabi/lib/thumb/v7e-m/nofp\libc.a(lib_a-strncpy.o)
 .ARM.attributes
                0x000008f5       0x2e e:/software/gcc_2021.10/bin/../lib/gcc/arm-none-eabi/10.3.1/../../../../arm-none-eabi/lib/thumb/v7e-m/nofp\libc.a(lib_a-strnlen.o)
 .ARM.attributes
                0x00000923       0x2e e:/software/gcc_2021.10/bin/../lib/gcc/arm-none-eabi/10.3.1/../../../../arm-none-eabi/lib/thumb/v7e-m/nofp\libc.a(lib_a-strtol.o)
 .ARM.attributes
                0x00000951       0x2e e:/software/gcc_2021.10/bin/../lib/gcc/arm-none-eabi/10.3.1/../../../../arm-none-eabi/lib/thumb/v7e-m/nofp\libc.a(lib_a-__call_atexit.o)
 .ARM.attributes
                0x0000097f       0x2e e:/software/gcc_2021.10/bin/../lib/gcc/arm-none-eabi/10.3.1/../../../../arm-none-eabi/lib/thumb/v7e-m/nofp\libc.a(lib_a-atexit.o)
 .ARM.attributes
                0x000009ad       0x2e e:/software/gcc_2021.10/bin/../lib/gcc/arm-none-eabi/10.3.1/../../../../arm-none-eabi/lib/thumb/v7e-m/nofp\libc.a(lib_a-ctype_.o)
 .ARM.attributes
                0x000009db       0x2e e:/software/gcc_2021.10/bin/../lib/gcc/arm-none-eabi/10.3.1/../../../../arm-none-eabi/lib/thumb/v7e-m/nofp\libc.a(lib_a-errno.o)
 .ARM.attributes
                0x00000a09       0x2e e:/software/gcc_2021.10/bin/../lib/gcc/arm-none-eabi/10.3.1/../../../../arm-none-eabi/lib/thumb/v7e-m/nofp\libc.a(lib_a-fini.o)
 .ARM.attributes
                0x00000a37       0x2e e:/software/gcc_2021.10/bin/../lib/gcc/arm-none-eabi/10.3.1/../../../../arm-none-eabi/lib/thumb/v7e-m/nofp\libc.a(lib_a-lock.o)
 .ARM.attributes
                0x00000a65       0x2e e:/software/gcc_2021.10/bin/../lib/gcc/arm-none-eabi/10.3.1/../../../../arm-none-eabi/lib/thumb/v7e-m/nofp\libc.a(lib_a-__atexit.o)
 .ARM.attributes
                0x00000a93       0x1e e:/software/gcc_2021.10/bin/../lib/gcc/arm-none-eabi/10.3.1/thumb/v7e-m/nofp/crtn.o
OUTPUT(./Objects/project.elf elf32-littlearm)
LOAD linker stubs
LOAD e:/software/gcc_2021.10/bin/../lib/gcc/arm-none-eabi/10.3.1/../../../../arm-none-eabi/lib/thumb/v7e-m/nofp\libc.a
LOAD e:/software/gcc_2021.10/bin/../lib/gcc/arm-none-eabi/10.3.1/../../../../arm-none-eabi/lib/thumb/v7e-m/nofp\libm.a
LOAD e:/software/gcc_2021.10/bin/../lib/gcc/arm-none-eabi/10.3.1/thumb/v7e-m/nofp\libgcc.a

.debug_line     0x00000000     0xb78b
 .debug_line    0x00000000       0x70 ./objects/startup_cm4.o
 .debug_line    0x00000070      0x22a ./objects/system_cm4.o
 .debug_line    0x0000029a     0x10a7 ./objects/printf-stdarg.o
 .debug_line    0x00001341      0x34b ./objects/tremo_bstimer.o
 .debug_line    0x0000168c      0x23d ./objects/tremo_delay.o
 .debug_line    0x000018c9      0x5ac ./objects/tremo_flash.o
 .debug_line    0x00001e75      0x667 ./objects/tremo_gpio.o
 .debug_line    0x000024dc      0x393 ./objects/tremo_pwr.o
 .debug_line    0x0000286f     0x116e ./objects/tremo_rcc.o
 .debug_line    0x000039dd      0xcff ./objects/tremo_rtc.o
 .debug_line    0x000046dc      0x1ab ./objects/tremo_system.o
 .debug_line    0x00004887      0x60b ./objects/tremo_uart.o
 .debug_line    0x00004e92      0x1a1 ./objects/tremo_wdg.o
 .debug_line    0x00005033      0x759 ./objects/main.o
 .debug_line    0x0000578c      0x116 ./objects/tremo_it.o
 .debug_line    0x000058a2      0x3b7 ./objects/lora_demo.o
 .debug_line    0x00005c59      0x2fb ./objects/app.o
 .debug_line    0x00005f54      0x51f ./objects/rtc-board.o
 .debug_line    0x00006473      0x783 ./objects/sx1262-board.o
 .debug_line    0x00006bf6      0x111 ./objects/delay.o
 .debug_line    0x00006d07      0x674 ./objects/timer.o
 .debug_line    0x0000737b      0xda3 ./objects/sx126x.o
 .debug_line    0x0000811e      0xd7b ./objects/radio.o
 .debug_line    0x00008e99      0x1dd ./objects/utilities.o
 .debug_line    0x00009076      0x47c ./objects/lora_cmd_m.o
 .debug_line    0x000094f2      0x43d ./objects/lora_cmd_s.o
 .debug_line    0x0000992f      0x47e ./objects/lora_core.o
 .debug_line    0x00009dad      0x7e8 ./objects/lora_flash.o
 .debug_line    0x0000a595      0x48d ./objects/lora_function.o
 .debug_line    0x0000aa22      0x8b0 ./objects/lora_at_cmd.o
 .debug_line    0x0000b2d2      0x4b9 ./objects/lora_user.o

.debug_info     0x00000000    0x185db
 .debug_info    0x00000000       0x22 ./objects/startup_cm4.o
 .debug_info    0x00000022      0x829 ./objects/system_cm4.o
 .debug_info    0x0000084b     0x196e ./objects/printf-stdarg.o
 .debug_info    0x000021b9      0x6cf ./objects/tremo_bstimer.o
 .debug_info    0x00002888      0x79f ./objects/tremo_delay.o
 .debug_info    0x00003027      0x55d ./objects/tremo_flash.o
 .debug_info    0x00003584      0x8de ./objects/tremo_gpio.o
 .debug_info    0x00003e62      0x9d6 ./objects/tremo_pwr.o
 .debug_info    0x00004838     0x1127 ./objects/tremo_rcc.o
 .debug_info    0x0000595f     0x11d5 ./objects/tremo_rtc.o
 .debug_info    0x00006b34      0x4a5 ./objects/tremo_system.o
 .debug_info    0x00006fd9      0xc7c ./objects/tremo_uart.o
 .debug_info    0x00007c55      0x544 ./objects/tremo_wdg.o
 .debug_info    0x00008199     0x1de5 ./objects/main.o
 .debug_info    0x00009f7e      0x136 ./objects/tremo_it.o
 .debug_info    0x0000a0b4      0xcd9 ./objects/lora_demo.o
 .debug_info    0x0000ad8d      0x857 ./objects/app.o
 .debug_info    0x0000b5e4     0x1340 ./objects/rtc-board.o
 .debug_info    0x0000c924     0x1171 ./objects/sx1262-board.o
 .debug_info    0x0000da95      0x159 ./objects/delay.o
 .debug_info    0x0000dbee      0x970 ./objects/timer.o
 .debug_info    0x0000e55e     0x21ea ./objects/sx126x.o
 .debug_info    0x00010748     0x28e0 ./objects/radio.o
 .debug_info    0x00013028      0x2fb ./objects/utilities.o
 .debug_info    0x00013323      0xb6c ./objects/lora_cmd_m.o
 .debug_info    0x00013e8f      0x74a ./objects/lora_cmd_s.o
 .debug_info    0x000145d9      0x7d8 ./objects/lora_core.o
 .debug_info    0x00014db1      0x81f ./objects/lora_flash.o
 .debug_info    0x000155d0      0x685 ./objects/lora_function.o
 .debug_info    0x00015c55     0x1706 ./objects/lora_at_cmd.o
 .debug_info    0x0001735b     0x1280 ./objects/lora_user.o

.debug_abbrev   0x00000000     0x4bd5
 .debug_abbrev  0x00000000       0x12 ./objects/startup_cm4.o
 .debug_abbrev  0x00000012      0x1cd ./objects/system_cm4.o
 .debug_abbrev  0x000001df      0x3df ./objects/printf-stdarg.o
 .debug_abbrev  0x000005be      0x1d1 ./objects/tremo_bstimer.o
 .debug_abbrev  0x0000078f      0x224 ./objects/tremo_delay.o
 .debug_abbrev  0x000009b3      0x1d6 ./objects/tremo_flash.o
 .debug_abbrev  0x00000b89      0x237 ./objects/tremo_gpio.o
 .debug_abbrev  0x00000dc0      0x211 ./objects/tremo_pwr.o
 .debug_abbrev  0x00000fd1      0x263 ./objects/tremo_rcc.o
 .debug_abbrev  0x00001234      0x3bc ./objects/tremo_rtc.o
 .debug_abbrev  0x000015f0      0x142 ./objects/tremo_system.o
 .debug_abbrev  0x00001732      0x31d ./objects/tremo_uart.o
 .debug_abbrev  0x00001a4f      0x18f ./objects/tremo_wdg.o
 .debug_abbrev  0x00001bde      0x392 ./objects/main.o
 .debug_abbrev  0x00001f70       0xd4 ./objects/tremo_it.o
 .debug_abbrev  0x00002044      0x2d9 ./objects/lora_demo.o
 .debug_abbrev  0x0000231d      0x1f4 ./objects/app.o
 .debug_abbrev  0x00002511      0x46c ./objects/rtc-board.o
 .debug_abbrev  0x0000297d      0x3b5 ./objects/sx1262-board.o
 .debug_abbrev  0x00002d32       0xef ./objects/delay.o
 .debug_abbrev  0x00002e21      0x453 ./objects/timer.o
 .debug_abbrev  0x00003274      0x422 ./objects/sx126x.o
 .debug_abbrev  0x00003696      0x4c6 ./objects/radio.o
 .debug_abbrev  0x00003b5c      0x140 ./objects/utilities.o
 .debug_abbrev  0x00003c9c      0x1b8 ./objects/lora_cmd_m.o
 .debug_abbrev  0x00003e54      0x166 ./objects/lora_cmd_s.o
 .debug_abbrev  0x00003fba      0x1d5 ./objects/lora_core.o
 .debug_abbrev  0x0000418f      0x1aa ./objects/lora_flash.o
 .debug_abbrev  0x00004339      0x1c4 ./objects/lora_function.o
 .debug_abbrev  0x000044fd      0x40f ./objects/lora_at_cmd.o
 .debug_abbrev  0x0000490c      0x2c9 ./objects/lora_user.o

.debug_aranges  0x00000000      0xf48
 .debug_aranges
                0x00000000       0x28 ./objects/startup_cm4.o
 .debug_aranges
                0x00000028       0x28 ./objects/system_cm4.o
 .debug_aranges
                0x00000050       0x88 ./objects/printf-stdarg.o
 .debug_aranges
                0x000000d8       0x68 ./objects/tremo_bstimer.o
 .debug_aranges
                0x00000140       0x30 ./objects/tremo_delay.o
 .debug_aranges
                0x00000170       0x40 ./objects/tremo_flash.o
 .debug_aranges
                0x000001b0       0x78 ./objects/tremo_gpio.o
 .debug_aranges
                0x00000228       0x58 ./objects/tremo_pwr.o
 .debug_aranges
                0x00000280      0x178 ./objects/tremo_rcc.o
 .debug_aranges
                0x000003f8      0x120 ./objects/tremo_rtc.o
 .debug_aranges
                0x00000518       0x28 ./objects/tremo_system.o
 .debug_aranges
                0x00000540       0x98 ./objects/tremo_uart.o
 .debug_aranges
                0x000005d8       0x38 ./objects/tremo_wdg.o
 .debug_aranges
                0x00000610       0x68 ./objects/main.o
 .debug_aranges
                0x00000678       0x58 ./objects/tremo_it.o
 .debug_aranges
                0x000006d0       0x60 ./objects/lora_demo.o
 .debug_aranges
                0x00000730       0x20 ./objects/app.o
 .debug_aranges
                0x00000750       0x78 ./objects/rtc-board.o
 .debug_aranges
                0x000007c8       0xd0 ./objects/sx1262-board.o
 .debug_aranges
                0x00000898       0x28 ./objects/delay.o
 .debug_aranges
                0x000008c0       0xa0 ./objects/timer.o
 .debug_aranges
                0x00000960      0x198 ./objects/sx126x.o
 .debug_aranges
                0x00000af8      0x140 ./objects/radio.o
 .debug_aranges
                0x00000c38       0x50 ./objects/utilities.o
 .debug_aranges
                0x00000c88       0x48 ./objects/lora_cmd_m.o
 .debug_aranges
                0x00000cd0       0x60 ./objects/lora_cmd_s.o
 .debug_aranges
                0x00000d30       0x38 ./objects/lora_core.o
 .debug_aranges
                0x00000d68       0x40 ./objects/lora_flash.o
 .debug_aranges
                0x00000da8       0x60 ./objects/lora_function.o
 .debug_aranges
                0x00000e08       0xd8 ./objects/lora_at_cmd.o
 .debug_aranges
                0x00000ee0       0x68 ./objects/lora_user.o

.debug_str      0x00000000     0x5c99
 .debug_str     0x00000000       0x41 ./objects/startup_cm4.o
 .debug_str     0x00000041      0x585 ./objects/system_cm4.o
                                0x60e (size before relaxing)
 .debug_str     0x000005c6      0x2da ./objects/printf-stdarg.o
                                0x509 (size before relaxing)
 .debug_str     0x000008a0      0x5f5 ./objects/tremo_bstimer.o
                                0x804 (size before relaxing)
 .debug_str     0x00000e95       0xcd ./objects/tremo_delay.o
                                0x5c0 (size before relaxing)
 .debug_str     0x00000f62       0xe5 ./objects/tremo_flash.o
                                0x3d0 (size before relaxing)
 .debug_str     0x00001047      0x310 ./objects/tremo_gpio.o
                                0x8a6 (size before relaxing)
 .debug_str     0x00001357       0xda ./objects/tremo_pwr.o
                                0x68f (size before relaxing)
 .debug_str     0x00001431      0xed7 ./objects/tremo_rcc.o
                               0x1517 (size before relaxing)
 .debug_str     0x00002308      0x865 ./objects/tremo_rtc.o
                                0xea9 (size before relaxing)
 .debug_str     0x00002b6d       0x55 ./objects/tremo_system.o
                                0x38d (size before relaxing)
 .debug_str     0x00002bc2      0x4c1 ./objects/tremo_uart.o
                                0xb9a (size before relaxing)
 .debug_str     0x00003083      0x104 ./objects/tremo_wdg.o
                                0x68f (size before relaxing)
 .debug_str     0x00003187      0x278 ./objects/main.o
                               0x1106 (size before relaxing)
 .debug_str     0x000033ff       0xd3 ./objects/tremo_it.o
                                0x214 (size before relaxing)
 .debug_str     0x000034d2      0x1c3 ./objects/lora_demo.o
                                0x698 (size before relaxing)
 .debug_str     0x00003695       0xa0 ./objects/app.o
                                0x4e5 (size before relaxing)
 .debug_str     0x00003735      0x2e0 ./objects/rtc-board.o
                                0xf61 (size before relaxing)
 .debug_str     0x00003a15      0x5f3 ./objects/sx1262-board.o
                                0xc92 (size before relaxing)
 .debug_str     0x00004008       0x17 ./objects/delay.o
                                0x205 (size before relaxing)
 .debug_str     0x0000401f      0x249 ./objects/timer.o
                                0x578 (size before relaxing)
 .debug_str     0x00004268      0xed8 ./objects/sx126x.o
                               0x173b (size before relaxing)
 .debug_str     0x00005140      0x4b7 ./objects/radio.o
                               0x15cf (size before relaxing)
 .debug_str     0x000055f7       0x47 ./objects/utilities.o
                                0x2a0 (size before relaxing)
 .debug_str     0x0000563e      0x14c ./objects/lora_cmd_m.o
                                0x578 (size before relaxing)
 .debug_str     0x0000578a       0xd5 ./objects/lora_cmd_s.o
                                0x4c6 (size before relaxing)
 .debug_str     0x0000585f       0xbc ./objects/lora_core.o
                                0x5a1 (size before relaxing)
 .debug_str     0x0000591b       0x81 ./objects/lora_flash.o
                                0x4d1 (size before relaxing)
 .debug_str     0x0000599c       0x53 ./objects/lora_function.o
                                0x439 (size before relaxing)
 .debug_str     0x000059ef      0x270 ./objects/lora_at_cmd.o
                                0x834 (size before relaxing)
 .debug_str     0x00005c5f       0x3a ./objects/lora_user.o
                                0xb33 (size before relaxing)

.debug_ranges   0x00000000     0x1548
 .debug_ranges  0x00000000       0x20 ./objects/startup_cm4.o
 .debug_ranges  0x00000020       0x70 ./objects/system_cm4.o
 .debug_ranges  0x00000090      0x1d0 ./objects/printf-stdarg.o
 .debug_ranges  0x00000260       0x58 ./objects/tremo_bstimer.o
 .debug_ranges  0x000002b8       0x58 ./objects/tremo_delay.o
 .debug_ranges  0x00000310       0x90 ./objects/tremo_flash.o
 .debug_ranges  0x000003a0       0x68 ./objects/tremo_gpio.o
 .debug_ranges  0x00000408       0x60 ./objects/tremo_pwr.o
 .debug_ranges  0x00000468      0x180 ./objects/tremo_rcc.o
 .debug_ranges  0x000005e8      0x140 ./objects/tremo_rtc.o
 .debug_ranges  0x00000728       0x18 ./objects/tremo_system.o
 .debug_ranges  0x00000740       0x88 ./objects/tremo_uart.o
 .debug_ranges  0x000007c8       0x28 ./objects/tremo_wdg.o
 .debug_ranges  0x000007f0       0xd8 ./objects/main.o
 .debug_ranges  0x000008c8       0x48 ./objects/tremo_it.o
 .debug_ranges  0x00000910       0x50 ./objects/lora_demo.o
 .debug_ranges  0x00000960       0x80 ./objects/app.o
 .debug_ranges  0x000009e0      0x140 ./objects/rtc-board.o
 .debug_ranges  0x00000b20      0x188 ./objects/sx1262-board.o
 .debug_ranges  0x00000ca8       0x30 ./objects/delay.o
 .debug_ranges  0x00000cd8       0xf0 ./objects/timer.o
 .debug_ranges  0x00000dc8      0x1e8 ./objects/sx126x.o
 .debug_ranges  0x00000fb0      0x1a8 ./objects/radio.o
 .debug_ranges  0x00001158       0x40 ./objects/utilities.o
 .debug_ranges  0x00001198       0x60 ./objects/lora_cmd_m.o
 .debug_ranges  0x000011f8       0x50 ./objects/lora_cmd_s.o
 .debug_ranges  0x00001248       0x58 ./objects/lora_core.o
 .debug_ranges  0x000012a0       0x30 ./objects/lora_flash.o
 .debug_ranges  0x000012d0       0x80 ./objects/lora_function.o
 .debug_ranges  0x00001350      0x180 ./objects/lora_at_cmd.o
 .debug_ranges  0x000014d0       0x78 ./objects/lora_user.o

.debug_loc      0x00000000     0xb98f
 .debug_loc     0x00000000       0xc3 ./objects/system_cm4.o
 .debug_loc     0x000000c3     0x27a7 ./objects/printf-stdarg.o
 .debug_loc     0x0000286a      0x136 ./objects/tremo_bstimer.o
 .debug_loc     0x000029a0      0x1fe ./objects/tremo_delay.o
 .debug_loc     0x00002b9e      0x4c6 ./objects/tremo_flash.o
 .debug_loc     0x00003064      0x850 ./objects/tremo_gpio.o
 .debug_loc     0x000038b4      0x15f ./objects/tremo_pwr.o
 .debug_loc     0x00003a13      0x777 ./objects/tremo_rcc.o
 .debug_loc     0x0000418a      0xe95 ./objects/tremo_rtc.o
 .debug_loc     0x0000501f       0x42 ./objects/tremo_system.o
 .debug_loc     0x00005061      0x6e6 ./objects/tremo_uart.o
 .debug_loc     0x00005747       0x2c ./objects/tremo_wdg.o
 .debug_loc     0x00005773      0x491 ./objects/main.o
 .debug_loc     0x00005c04      0x1fe ./objects/lora_demo.o
 .debug_loc     0x00005e02       0xd0 ./objects/app.o
 .debug_loc     0x00005ed2      0x67f ./objects/rtc-board.o
 .debug_loc     0x00006551      0x851 ./objects/sx1262-board.o
 .debug_loc     0x00006da2       0xb2 ./objects/delay.o
 .debug_loc     0x00006e54      0x6d8 ./objects/timer.o
 .debug_loc     0x0000752c     0x11a4 ./objects/sx126x.o
 .debug_loc     0x000086d0     0x14a9 ./objects/radio.o
 .debug_loc     0x00009b79      0x25d ./objects/utilities.o
 .debug_loc     0x00009dd6      0x22d ./objects/lora_cmd_m.o
 .debug_loc     0x0000a003      0x184 ./objects/lora_cmd_s.o
 .debug_loc     0x0000a187      0x3a1 ./objects/lora_core.o
 .debug_loc     0x0000a528      0x225 ./objects/lora_flash.o
 .debug_loc     0x0000a74d      0x3a9 ./objects/lora_function.o
 .debug_loc     0x0000aaf6      0xaf3 ./objects/lora_at_cmd.o
 .debug_loc     0x0000b5e9      0x3a6 ./objects/lora_user.o

.comment        0x00000000       0x49
 .comment       0x00000000       0x49 ./objects/system_cm4.o
                                 0x4a (size before relaxing)
 .comment       0x00000049       0x4a ./objects/printf-stdarg.o
 .comment       0x00000049       0x4a ./objects/tremo_bstimer.o
 .comment       0x00000049       0x4a ./objects/tremo_delay.o
 .comment       0x00000049       0x4a ./objects/tremo_flash.o
 .comment       0x00000049       0x4a ./objects/tremo_gpio.o
 .comment       0x00000049       0x4a ./objects/tremo_pwr.o
 .comment       0x00000049       0x4a ./objects/tremo_rcc.o
 .comment       0x00000049       0x4a ./objects/tremo_rtc.o
 .comment       0x00000049       0x4a ./objects/tremo_system.o
 .comment       0x00000049       0x4a ./objects/tremo_uart.o
 .comment       0x00000049       0x4a ./objects/tremo_wdg.o
 .comment       0x00000049       0x4a ./objects/main.o
 .comment       0x00000049       0x4a ./objects/tremo_it.o
 .comment       0x00000049       0x4a ./objects/lora_demo.o
 .comment       0x00000049       0x4a ./objects/app.o
 .comment       0x00000049       0x4a ./objects/rtc-board.o
 .comment       0x00000049       0x4a ./objects/sx1262-board.o
 .comment       0x00000049       0x4a ./objects/delay.o
 .comment       0x00000049       0x4a ./objects/timer.o
 .comment       0x00000049       0x4a ./objects/sx126x.o
 .comment       0x00000049       0x4a ./objects/radio.o
 .comment       0x00000049       0x4a ./objects/utilities.o
 .comment       0x00000049       0x4a ./objects/lora_cmd_m.o
 .comment       0x00000049       0x4a ./objects/lora_cmd_s.o
 .comment       0x00000049       0x4a ./objects/lora_core.o
 .comment       0x00000049       0x4a ./objects/lora_flash.o
 .comment       0x00000049       0x4a ./objects/lora_function.o
 .comment       0x00000049       0x4a ./objects/lora_at_cmd.o
 .comment       0x00000049       0x4a ./objects/lora_user.o

.debug_frame    0x00000000     0x2f84
 .debug_frame   0x00000000       0x3c ./objects/system_cm4.o
 .debug_frame   0x0000003c      0x314 ./objects/printf-stdarg.o
 .debug_frame   0x00000350       0xc8 ./objects/tremo_bstimer.o
 .debug_frame   0x00000418       0x54 ./objects/tremo_delay.o
 .debug_frame   0x0000046c       0x9c ./objects/tremo_flash.o
 .debug_frame   0x00000508      0x114 ./objects/tremo_gpio.o
 .debug_frame   0x0000061c       0xa8 ./objects/tremo_pwr.o
 .debug_frame   0x000006c4      0x2d8 ./objects/tremo_rcc.o
 .debug_frame   0x0000099c      0x318 ./objects/tremo_rtc.o
 .debug_frame   0x00000cb4       0x30 ./objects/tremo_system.o
 .debug_frame   0x00000ce4      0x138 ./objects/tremo_uart.o
 .debug_frame   0x00000e1c       0x5c ./objects/tremo_wdg.o
 .debug_frame   0x00000e78      0x12c ./objects/main.o
 .debug_frame   0x00000fa4       0xc0 ./objects/tremo_it.o
 .debug_frame   0x00001064      0x114 ./objects/lora_demo.o
 .debug_frame   0x00001178       0x28 ./objects/app.o
 .debug_frame   0x000011a0      0x160 ./objects/rtc-board.o
 .debug_frame   0x00001300      0x25c ./objects/sx1262-board.o
 .debug_frame   0x0000155c       0x30 ./objects/delay.o
 .debug_frame   0x0000158c      0x1b4 ./objects/timer.o
 .debug_frame   0x00001740      0x4c0 ./objects/sx126x.o
 .debug_frame   0x00001c00      0x3c0 ./objects/radio.o
 .debug_frame   0x00001fc0       0x8c ./objects/utilities.o
 .debug_frame   0x0000204c       0xf0 ./objects/lora_cmd_m.o
 .debug_frame   0x0000213c      0x110 ./objects/lora_cmd_s.o
 .debug_frame   0x0000224c       0xe4 ./objects/lora_core.o
 .debug_frame   0x00002330       0xc8 ./objects/lora_flash.o
 .debug_frame   0x000023f8       0xe8 ./objects/lora_function.o
 .debug_frame   0x000024e0      0x344 ./objects/lora_at_cmd.o
 .debug_frame   0x00002824      0x164 ./objects/lora_user.o
 .debug_frame   0x00002988       0xac e:/software/gcc_2021.10/bin/../lib/gcc/arm-none-eabi/10.3.1/thumb/v7e-m/nofp\libgcc.a(_arm_addsubdf3.o)
 .debug_frame   0x00002a34       0x50 e:/software/gcc_2021.10/bin/../lib/gcc/arm-none-eabi/10.3.1/thumb/v7e-m/nofp\libgcc.a(_arm_muldivdf3.o)
 .debug_frame   0x00002a84       0xc4 e:/software/gcc_2021.10/bin/../lib/gcc/arm-none-eabi/10.3.1/thumb/v7e-m/nofp\libgcc.a(_arm_cmpdf2.o)
 .debug_frame   0x00002b48       0x24 e:/software/gcc_2021.10/bin/../lib/gcc/arm-none-eabi/10.3.1/thumb/v7e-m/nofp\libgcc.a(_arm_fixdfsi.o)
 .debug_frame   0x00002b6c       0x24 e:/software/gcc_2021.10/bin/../lib/gcc/arm-none-eabi/10.3.1/thumb/v7e-m/nofp\libgcc.a(_arm_fixunsdfsi.o)
 .debug_frame   0x00002b90       0x2c e:/software/gcc_2021.10/bin/../lib/gcc/arm-none-eabi/10.3.1/thumb/v7e-m/nofp\libgcc.a(_aeabi_uldivmod.o)
 .debug_frame   0x00002bbc       0x2c e:/software/gcc_2021.10/bin/../lib/gcc/arm-none-eabi/10.3.1/thumb/v7e-m/nofp\libgcc.a(_fixunsdfdi.o)
 .debug_frame   0x00002be8       0x34 e:/software/gcc_2021.10/bin/../lib/gcc/arm-none-eabi/10.3.1/thumb/v7e-m/nofp\libgcc.a(_udivmoddi4.o)
 .debug_frame   0x00002c1c       0x30 e:/software/gcc_2021.10/bin/../lib/gcc/arm-none-eabi/10.3.1/../../../../arm-none-eabi/lib/thumb/v7e-m/nofp\libc.a(lib_a-atoi.o)
 .debug_frame   0x00002c4c       0x2c e:/software/gcc_2021.10/bin/../lib/gcc/arm-none-eabi/10.3.1/../../../../arm-none-eabi/lib/thumb/v7e-m/nofp\libc.a(lib_a-init.o)
 .debug_frame   0x00002c78       0x28 e:/software/gcc_2021.10/bin/../lib/gcc/arm-none-eabi/10.3.1/../../../../arm-none-eabi/lib/thumb/v7e-m/nofp\libc.a(lib_a-memcmp.o)
 .debug_frame   0x00002ca0       0x2c e:/software/gcc_2021.10/bin/../lib/gcc/arm-none-eabi/10.3.1/../../../../arm-none-eabi/lib/thumb/v7e-m/nofp\libc.a(lib_a-memset.o)
 .debug_frame   0x00002ccc       0x38 e:/software/gcc_2021.10/bin/../lib/gcc/arm-none-eabi/10.3.1/../../../../arm-none-eabi/lib/thumb/v7e-m/nofp\libc.a(lib_a-strncmp.o)
 .debug_frame   0x00002d04       0x2c e:/software/gcc_2021.10/bin/../lib/gcc/arm-none-eabi/10.3.1/../../../../arm-none-eabi/lib/thumb/v7e-m/nofp\libc.a(lib_a-strncpy.o)
 .debug_frame   0x00002d30       0x20 e:/software/gcc_2021.10/bin/../lib/gcc/arm-none-eabi/10.3.1/../../../../arm-none-eabi/lib/thumb/v7e-m/nofp\libc.a(lib_a-strnlen.o)
 .debug_frame   0x00002d50       0x80 e:/software/gcc_2021.10/bin/../lib/gcc/arm-none-eabi/10.3.1/../../../../arm-none-eabi/lib/thumb/v7e-m/nofp\libc.a(lib_a-strtol.o)
 .debug_frame   0x00002dd0       0x5c e:/software/gcc_2021.10/bin/../lib/gcc/arm-none-eabi/10.3.1/../../../../arm-none-eabi/lib/thumb/v7e-m/nofp\libc.a(lib_a-__call_atexit.o)
 .debug_frame   0x00002e2c       0x20 e:/software/gcc_2021.10/bin/../lib/gcc/arm-none-eabi/10.3.1/../../../../arm-none-eabi/lib/thumb/v7e-m/nofp\libc.a(lib_a-atexit.o)
 .debug_frame   0x00002e4c       0x20 e:/software/gcc_2021.10/bin/../lib/gcc/arm-none-eabi/10.3.1/../../../../arm-none-eabi/lib/thumb/v7e-m/nofp\libc.a(lib_a-errno.o)
 .debug_frame   0x00002e6c       0x34 e:/software/gcc_2021.10/bin/../lib/gcc/arm-none-eabi/10.3.1/../../../../arm-none-eabi/lib/thumb/v7e-m/nofp\libc.a(lib_a-fini.o)
 .debug_frame   0x00002ea0       0xb0 e:/software/gcc_2021.10/bin/../lib/gcc/arm-none-eabi/10.3.1/../../../../arm-none-eabi/lib/thumb/v7e-m/nofp\libc.a(lib_a-lock.o)
 .debug_frame   0x00002f50       0x34 e:/software/gcc_2021.10/bin/../lib/gcc/arm-none-eabi/10.3.1/../../../../arm-none-eabi/lib/thumb/v7e-m/nofp\libc.a(lib_a-__atexit.o)
